Component: ARM Compiler 5.06 update 6 (build 750) Tool: armlink [4d35ed]

==============================================================================

Section Cross References

    startup_stm32f411xe.o(RESET) refers to startup_stm32f411xe.o(STACK) for __initial_sp
    startup_stm32f411xe.o(RESET) refers to startup_stm32f411xe.o(.text) for Reset_Handler
    startup_stm32f411xe.o(RESET) refers to stm32f4xx_it.o(i.NMI_Handler) for NMI_Handler
    startup_stm32f411xe.o(RESET) refers to stm32f4xx_it.o(i.HardFault_Handler) for HardFault_Handler
    startup_stm32f411xe.o(RESET) refers to stm32f4xx_it.o(i.MemManage_Handler) for MemManage_Handler
    startup_stm32f411xe.o(RESET) refers to stm32f4xx_it.o(i.BusFault_Handler) for BusFault_Handler
    startup_stm32f411xe.o(RESET) refers to stm32f4xx_it.o(i.UsageFault_Handler) for UsageFault_Handler
    startup_stm32f411xe.o(RESET) refers to port.o(.emb_text) for SVC_Handler
    startup_stm32f411xe.o(RESET) refers to stm32f4xx_it.o(i.DebugMon_Handler) for DebugMon_Handler
    startup_stm32f411xe.o(RESET) refers to cmsis_os2.o(i.SysTick_Handler) for SysTick_Handler
    startup_stm32f411xe.o(RESET) refers to stm32f4xx_it.o(i.EXTI1_IRQHandler) for EXTI1_IRQHandler
    startup_stm32f411xe.o(RESET) refers to stm32f4xx_it.o(i.EXTI4_IRQHandler) for EXTI4_IRQHandler
    startup_stm32f411xe.o(RESET) refers to stm32f4xx_it.o(i.EXTI9_5_IRQHandler) for EXTI9_5_IRQHandler
    startup_stm32f411xe.o(RESET) refers to stm32f4xx_it.o(i.TIM1_UP_TIM10_IRQHandler) for TIM1_UP_TIM10_IRQHandler
    startup_stm32f411xe.o(RESET) refers to stm32f4xx_it.o(i.TIM3_IRQHandler) for TIM3_IRQHandler
    startup_stm32f411xe.o(RESET) refers to stm32f4xx_it.o(i.TIM4_IRQHandler) for TIM4_IRQHandler
    startup_stm32f411xe.o(RESET) refers to stm32f4xx_it.o(i.USART1_IRQHandler) for USART1_IRQHandler
    startup_stm32f411xe.o(RESET) refers to stm32f4xx_it.o(i.EXTI15_10_IRQHandler) for EXTI15_10_IRQHandler
    startup_stm32f411xe.o(RESET) refers to stm32f4xx_it.o(i.TIM5_IRQHandler) for TIM5_IRQHandler
    startup_stm32f411xe.o(RESET) refers to stm32f4xx_it.o(i.DMA2_Stream0_IRQHandler) for DMA2_Stream0_IRQHandler
    startup_stm32f411xe.o(RESET) refers to stm32f4xx_it.o(i.DMA2_Stream2_IRQHandler) for DMA2_Stream2_IRQHandler
    startup_stm32f411xe.o(RESET) refers to stm32f4xx_it.o(i.DMA2_Stream7_IRQHandler) for DMA2_Stream7_IRQHandler
    startup_stm32f411xe.o(.text) refers to system_stm32f4xx.o(i.SystemInit) for SystemInit
    startup_stm32f411xe.o(.text) refers to entry.o(.ARM.Collect$$$$00000000) for __main
    main.o(i.HAL_GPIO_EXTI_Callback) refers to stm32f4xx_hal_tim.o(i.HAL_TIM_Base_Start_IT) for HAL_TIM_Base_Start_IT
    main.o(i.HAL_GPIO_EXTI_Callback) refers to tim.o(.bss) for htim5
    main.o(i.HAL_TIM_PeriodElapsedCallback) refers to stm32f4xx_hal_gpio.o(i.HAL_GPIO_ReadPin) for HAL_GPIO_ReadPin
    main.o(i.HAL_TIM_PeriodElapsedCallback) refers to stm32f4xx_hal_tim.o(i.HAL_TIM_Base_Stop_IT) for HAL_TIM_Base_Stop_IT
    main.o(i.HAL_TIM_PeriodElapsedCallback) refers to stm32f4xx_hal.o(i.HAL_IncTick) for HAL_IncTick
    main.o(i.HAL_TIM_PeriodElapsedCallback) refers to tim.o(.bss) for htim3
    main.o(i.HAL_TIM_PeriodElapsedCallback) refers to main.o(.data) for Timer_Count
    main.o(i.HAL_TIM_PeriodElapsedCallback) refers to interface.o(.data) for complete_interface
    main.o(i.HAL_UARTEx_RxEventCallback) refers to stm32f4xx_hal_uart.o(i.HAL_UART_Transmit_DMA) for HAL_UART_Transmit_DMA
    main.o(i.HAL_UARTEx_RxEventCallback) refers to stm32f4xx_hal_uart.o(i.HAL_UARTEx_ReceiveToIdle_DMA) for HAL_UARTEx_ReceiveToIdle_DMA
    main.o(i.HAL_UARTEx_RxEventCallback) refers to usart.o(.bss) for huart1
    main.o(i.HAL_UARTEx_RxEventCallback) refers to function.o(.bss) for Receivedata
    main.o(i.SystemClock_Config) refers to memseta.o(.text) for __aeabi_memclr4
    main.o(i.SystemClock_Config) refers to stm32f4xx_hal_rcc.o(i.HAL_RCC_OscConfig) for HAL_RCC_OscConfig
    main.o(i.SystemClock_Config) refers to main.o(i.Error_Handler) for Error_Handler
    main.o(i.SystemClock_Config) refers to stm32f4xx_hal_rcc.o(i.HAL_RCC_ClockConfig) for HAL_RCC_ClockConfig
    main.o(i.main) refers to stm32f4xx_hal.o(i.HAL_Init) for HAL_Init
    main.o(i.main) refers to main.o(i.SystemClock_Config) for SystemClock_Config
    main.o(i.main) refers to gpio.o(i.MX_GPIO_Init) for MX_GPIO_Init
    main.o(i.main) refers to dma.o(i.MX_DMA_Init) for MX_DMA_Init
    main.o(i.main) refers to i2c.o(i.MX_I2C1_Init) for MX_I2C1_Init
    main.o(i.main) refers to tim.o(i.MX_TIM2_Init) for MX_TIM2_Init
    main.o(i.main) refers to usart.o(i.MX_USART1_UART_Init) for MX_USART1_UART_Init
    main.o(i.main) refers to tim.o(i.MX_TIM3_Init) for MX_TIM3_Init
    main.o(i.main) refers to i2c.o(i.MX_I2C3_Init) for MX_I2C3_Init
    main.o(i.main) refers to adc.o(i.MX_ADC1_Init) for MX_ADC1_Init
    main.o(i.main) refers to tim.o(i.MX_TIM9_Init) for MX_TIM9_Init
    main.o(i.main) refers to tim.o(i.MX_TIM5_Init) for MX_TIM5_Init
[...]
    HAL_ADC_MspInit                          0x0800176d   Thumb Code   174  adc.o(i.HAL_ADC_MspInit)
    HAL_ADC_Start_DMA                        0x08001831   Thumb Code   348  stm32f4xx_hal_adc.o(i.HAL_ADC_Start_DMA)
    HAL_DMA_Abort                            0x080019a9   Thumb Code   172  stm32f4xx_hal_dma.o(i.HAL_DMA_Abort)
    HAL_DMA_Abort_IT                         0x08001a55   Thumb Code    40  stm32f4xx_hal_dma.o(i.HAL_DMA_Abort_IT)
    HAL_DMA_IRQHandler                       0x08001a7d   Thumb Code   570  stm32f4xx_hal_dma.o(i.HAL_DMA_IRQHandler)
    HAL_DMA_Init                             0x08001cbd   Thumb Code   232  stm32f4xx_hal_dma.o(i.HAL_DMA_Init)
    HAL_DMA_Start_IT                         0x08001da9   Thumb Code   146  stm32f4xx_hal_dma.o(i.HAL_DMA_Start_IT)
    HAL_Delay                                0x08001e3d   Thumb Code    36  stm32f4xx_hal.o(i.HAL_Delay)
    HAL_GPIO_EXTI_Callback                   0x08001e65   Thumb Code    26  main.o(i.HAL_GPIO_EXTI_Callback)
    HAL_GPIO_EXTI_IRQHandler                 0x08001e85   Thumb Code    24  stm32f4xx_hal_gpio.o(i.HAL_GPIO_EXTI_IRQHandler)
    HAL_GPIO_Init                            0x08001ea1   Thumb Code   424  stm32f4xx_hal_gpio.o(i.HAL_GPIO_Init)
    HAL_GPIO_ReadPin                         0x08002069   Thumb Code    16  stm32f4xx_hal_gpio.o(i.HAL_GPIO_ReadPin)
    HAL_GPIO_TogglePin                       0x08002079   Thumb Code    20  stm32f4xx_hal_gpio.o(i.HAL_GPIO_TogglePin)
    HAL_GPIO_WritePin                        0x0800208d   Thumb Code    12  stm32f4xx_hal_gpio.o(i.HAL_GPIO_WritePin)
    HAL_GetTick                              0x08002099   Thumb Code     6  stm32f4xx_hal.o(i.HAL_GetTick)
    HAL_I2C_Init                             0x080020a5   Thumb Code   446  stm32f4xx_hal_i2c.o(i.HAL_I2C_Init)
    HAL_I2C_Master_Transmit                  0x08002275   Thumb Code   360  stm32f4xx_hal_i2c.o(i.HAL_I2C_Master_Transmit)
    HAL_I2C_Mem_Read                         0x080023e5   Thumb Code   762  stm32f4xx_hal_i2c.o(i.HAL_I2C_Mem_Read)
    HAL_I2C_Mem_Write                        0x080026ed   Thumb Code   348  stm32f4xx_hal_i2c.o(i.HAL_I2C_Mem_Write)
    HAL_I2C_MspInit                          0x08002851   Thumb Code   286  i2c.o(i.HAL_I2C_MspInit)
    HAL_IncTick                              0x08002985   Thumb Code    16  stm32f4xx_hal.o(i.HAL_IncTick)
    HAL_Init                                 0x0800299d   Thumb Code    54  stm32f4xx_hal.o(i.HAL_Init)
    HAL_InitTick                             0x080029d9   Thumb Code   140  stm32f4xx_hal_timebase_tim.o(i.HAL_InitTick)
    HAL_MspInit                              0x08002a79   Thumb Code    78  stm32f4xx_hal_msp.o(i.HAL_MspInit)
    HAL_NVIC_EnableIRQ                       0x08002acd   Thumb Code    40  stm32f4xx_hal_cortex.o(i.HAL_NVIC_EnableIRQ)
    HAL_NVIC_SetPriority                     0x08002af5   Thumb Code   124  stm32f4xx_hal_cortex.o(i.HAL_NVIC_SetPriority)
    HAL_NVIC_SetPriorityGrouping             0x08002b71   Thumb Code    32  stm32f4xx_hal_cortex.o(i.HAL_NVIC_SetPriorityGrouping)
    HAL_RCC_ClockConfig                      0x08002b99   Thumb Code   368  stm32f4xx_hal_rcc.o(i.HAL_RCC_ClockConfig)
    HAL_RCC_GetClockConfig                   0x08002d1d   Thumb Code    58  stm32f4xx_hal_rcc.o(i.HAL_RCC_GetClockConfig)
    HAL_RCC_GetHCLKFreq                      0x08002d61   Thumb Code     6  stm32f4xx_hal_rcc.o(i.HAL_RCC_GetHCLKFreq)
    HAL_RCC_GetPCLK1Freq                     0x08002d6d   Thumb Code    22  stm32f4xx_hal_rcc.o(i.HAL_RCC_GetPCLK1Freq)
    HAL_RCC_GetPCLK2Freq                     0x08002d8d   Thumb Code    22  stm32f4xx_hal_rcc.o(i.HAL_RCC_GetPCLK2Freq)
    HAL_RCC_GetSysClockFreq                  0x08002dad   Thumb Code   162  stm32f4xx_hal_rcc.o(i.HAL_RCC_GetSysClockFreq)
    HAL_RCC_OscConfig                        0x08002e5d   Thumb Code  1172  stm32f4xx_hal_rcc.o(i.HAL_RCC_OscConfig)
    HAL_TIMEx_BreakCallback                  0x080032f9   Thumb Code     2  stm32f4xx_hal_tim_ex.o(i.HAL_TIMEx_BreakCallback)
    HAL_TIMEx_CommutCallback                 0x080032fb   Thumb Code     2  stm32f4xx_hal_tim_ex.o(i.HAL_TIMEx_CommutCallback)
    HAL_TIMEx_MasterConfigSynchronization    0x080032fd   Thumb Code   134  stm32f4xx_hal_tim_ex.o(i.HAL_TIMEx_MasterConfigSynchronization)
    HAL_TIM_Base_Init                        0x08003399   Thumb Code   102  stm32f4xx_hal_tim.o(i.HAL_TIM_Base_Init)
    HAL_TIM_Base_MspInit                     0x08003401   Thumb Code   218  tim.o(i.HAL_TIM_Base_MspInit)
    HAL_TIM_Base_Start                       0x080034ed   Thumb Code   110  stm32f4xx_hal_tim.o(i.HAL_TIM_Base_Start)
    HAL_TIM_Base_Start_IT                    0x08003571   Thumb Code   122  stm32f4xx_hal_tim.o(i.HAL_TIM_Base_Start_IT)
    HAL_TIM_Base_Stop_IT                     0x08003601   Thumb Code    62  stm32f4xx_hal_tim.o(i.HAL_TIM_Base_Stop_IT)
    HAL_TIM_ConfigClockSource                0x0800363f   Thumb Code   268  stm32f4xx_hal_tim.o(i.HAL_TIM_ConfigClockSource)
    HAL_TIM_IC_CaptureCallback               0x0800374b   Thumb Code     2  stm32f4xx_hal_tim.o(i.HAL_TIM_IC_CaptureCallback)
    HAL_TIM_IRQHandler                       0x0800374d   Thumb Code   364  stm32f4xx_hal_tim.o(i.HAL_TIM_IRQHandler)
    HAL_TIM_MspPostInit                      0x080038b9   Thumb Code    84  tim.o(i.HAL_TIM_MspPostInit)
    HAL_TIM_OC_DelayElapsedCallback          0x08003919   Thumb Code     2  stm32f4xx_hal_tim.o(i.HAL_TIM_OC_DelayElapsedCallback)
    HAL_TIM_PWM_ConfigChannel                0x0800391b   Thumb Code   260  stm32f4xx_hal_tim.o(i.HAL_TIM_PWM_ConfigChannel)
    HAL_TIM_PWM_Init                         0x08003a1f   Thumb Code   102  stm32f4xx_hal_tim.o(i.HAL_TIM_PWM_Init)
    HAL_TIM_PWM_MspInit                      0x08003a85   Thumb Code    44  tim.o(i.HAL_TIM_PWM_MspInit)
    HAL_TIM_PWM_PulseFinishedCallback        0x08003ab9   Thumb Code     2  stm32f4xx_hal_tim.o(i.HAL_TIM_PWM_PulseFinishedCallback)
    HAL_TIM_PWM_Start                        0x08003abd   Thumb Code   214  stm32f4xx_hal_tim.o(i.HAL_TIM_PWM_Start)
    HAL_TIM_PeriodElapsedCallback            0x08003ba9   Thumb Code   146  main.o(i.HAL_TIM_PeriodElapsedCallback)
    HAL_TIM_TriggerCallback                  0x08003c65   Thumb Code     2  stm32f4xx_hal_tim.o(i.HAL_TIM_TriggerCallback)
    HAL_UARTEx_ReceiveToIdle_DMA             0x08003c67   Thumb Code   114  stm32f4xx_hal_uart.o(i.HAL_UARTEx_ReceiveToIdle_DMA)
    HAL_UARTEx_RxEventCallback               0x08003cd9   Thumb Code    48  main.o(i.HAL_UARTEx_RxEventCallback)
    HAL_UART_ErrorCallback                   0x08003d15   Thumb Code     2  stm32f4xx_hal_uart.o(i.HAL_UART_ErrorCallback)
    HAL_UART_IRQHandler                      0x08003d19   Thumb Code   740  stm32f4xx_hal_uart.o(i.HAL_UART_IRQHandler)
    HAL_UART_Init                            0x08004001   Thumb Code   118  stm32f4xx_hal_uart.o(i.HAL_UART_Init)
    HAL_UART_MspInit                         0x08004079   Thumb Code   260  usart.o(i.HAL_UART_MspInit)
    HAL_UART_RxCpltCallback                  0x08004195   Thumb Code     2  stm32f4xx_hal_uart.o(i.HAL_UART_RxCpltCallback)
    HAL_UART_RxHalfCpltCallback              0x08004197   Thumb Code     2  stm32f4xx_hal_uart.o(i.HAL_UART_RxHalfCpltCallback)
    HAL_UART_Transmit_DMA                    0x08004199   Thumb Code   128  stm32f4xx_hal_uart.o(i.HAL_UART_Transmit_DMA)
    HAL_UART_TxCpltCallback                  0x08004225   Thumb Code     2  stm32f4xx_hal_uart.o(i.HAL_UART_TxCpltCallback)
    HAL_UART_TxHalfCpltCallback              0x08004227   Thumb Code     2  stm32f4xx_hal_uart.o(i.HAL_UART_TxHalfCpltCallback)
    HardFault_Handler                        0x08004229   Thumb Code     4  stm32f4xx_it.o(i.HardFault_Handler)
    Interface_Init                           0x0800487d   Thumb Code   358  interface.o(i.Interface_Init)
    Interface_Into                           0x08004af5   Thumb Code   166  interface.o(i.Interface_Into)
    Interface_Return                         0x08004bb9   Thumb Code    82  interface.o(i.Interface_Return)
    Interface_Y_Increase                     0x08004c21   Thumb Code    52  interface.o(i.Interface_Y_Increase)
    MPU6050_DMP_Get_Date                     0x08004c65   Thumb Code   516  mpu6050_dmp.o(i.MPU6050_DMP_Get_Date)
    MX_ADC1_Init                             0x08004e79   Thumb Code   104  adc.o(i.MX_ADC1_Init)
    MX_DMA_Init                              0x08004eed   Thumb Code    84  dma.o(i.MX_DMA_Init)
    MX_FREERTOS_Init                         0x08004f45   Thumb Code    84  freertos.o(i.MX_FREERTOS_Init)
    MX_GPIO_Init                             0x08004fdd   Thumb Code   330  gpio.o(i.MX_GPIO_Init)
    MX_I2C1_Init                             0x08005135   Thumb Code    48  i2c.o(i.MX_I2C1_Init)
    MX_I2C3_Init                             0x08005171   Thumb Code    48  i2c.o(i.MX_I2C3_Init)
    MX_TIM2_Init                             0x080051ad   Thumb Code   104  tim.o(i.MX_TIM2_Init)
    MX_TIM3_Init                             0x08005219   Thumb Code   104  tim.o(i.MX_TIM3_Init)
    MX_TIM4_Init                             0x08005289   Thumb Code   104  tim.o(i.MX_TIM4_Init)
    MX_TIM5_Init                             0x080052f9   Thumb Code   102  tim.o(i.MX_TIM5_Init)
    MX_TIM9_Init                             0x08005369   Thumb Code    90  tim.o(i.MX_TIM9_Init)
    MX_USART1_UART_Init                      0x080053cd   Thumb Code    46  usart.o(i.MX_USART1_UART_Init)
    MemManage_Handler                        0x08005405   Thumb Code     4  stm32f4xx_it.o(i.MemManage_Handler)
    NMI_Handler                              0x08005409   Thumb Code     4  stm32f4xx_it.o(i.NMI_Handler)
    Name_Copy                                0x0800540d   Thumb Code    66  my_list.o(i.Name_Copy)
    OLED_DisPlay_Off                         0x0800544f   Thumb Code    22  oled.o(i.OLED_DisPlay_Off)
    OLED_DisPlay_On                          0x08005465   Thumb Code    22  oled.o(i.OLED_DisPlay_On)
    OLED_DrawImage                           0x0800547b   Thumb Code    30  oled.o(i.OLED_DrawImage)
    OLED_DrawLine                            0x08005499   Thumb Code   326  oled.o(i.OLED_DrawLine)
    OLED_DrawRectangle                       0x080055e5   Thumb Code   100  oled.o(i.OLED_DrawRectangle)
    OLED_Init                                0x08005649   Thumb Code   188  oled.o(i.OLED_Init)
    OLED_NewFrame                            0x08005705   Thumb Code    18  oled.o(i.OLED_NewFrame)
    OLED_PrintASCIIChar                      0x0800571d   Thumb Code    66  oled.o(i.OLED_PrintASCIIChar)
    OLED_PrintFNum                           0x08005761   Thumb Code    66  oled.o(i.OLED_PrintFNum)
    OLED_PrintString                         0x080057ad   Thumb Code   224  oled.o(i.OLED_PrintString)
    OLED_Send                                0x0800588d   Thumb Code    26  oled.o(i.OLED_Send)
    OLED_SendCmd                             0x080058ad   Thumb Code    16  oled.o(i.OLED_SendCmd)
    OLED_SetBits                             0x080058c1   Thumb Code    98  oled.o(i.OLED_SetBits)
    OLED_SetBits_Fine                        0x08005923   Thumb Code   136  oled.o(i.OLED_SetBits_Fine)
    OLED_SetBlock                            0x080059ab   Thumb Code   154  oled.o(i.OLED_SetBlock)
    OLED_SetByte_Fine                        0x08005a45   Thumb Code   116  oled.o(i.OLED_SetByte_Fine)
    OLED_SetPixel                            0x08005ac1   Thumb Code   132  oled.o(i.OLED_SetPixel)
    OLED_ShowFrame                           0x08005b49   Thumb Code    68  oled.o(i.OLED_ShowFrame)
    Option_Next                              0x08005b95   Thumb Code    20  interface.o(i.Option_Next)
    Option_Pre                               0x08005bad   Thumb Code    20  interface.o(i.Option_Pre)
    Photo_X_Increase                         0x08005bc5   Thumb Code   100  interface.o(i.Photo_X_Increase)
    Print_Alarm_Interface                    0x08005c31   Thumb Code   496  interface.o(i.Print_Alarm_Interface)
    Print_Arrow                              0x08005e99   Thumb Code    52  interface.o(i.Print_Arrow)
    Print_Attitude_Calibration_Interface     0x08005ed9   Thumb Code   108  interface.o(i.Print_Attitude_Calibration_Interface)
    Print_Bluetooth                          0x08005f79   Thumb Code    48  interface.o(i.Print_Bluetooth)
    Print_Frame                              0x08005fb5   Thumb Code   332  interface.o(i.Print_Frame)
    Print_Game_Interface                     0x08006105   Thumb Code   140  interface.o(i.Print_Game_Interface)
    Print_Main_Interface                     0x080061b5   Thumb Code   304  interface.o(i.Print_Main_Interface)
    Print_Power                              0x08006315   Thumb Code    60  interface.o(i.Print_Power)
    Print_Rectangle                          0x08006365   Thumb Code   136  interface.o(i.Print_Rectangle)
    Print_Settings_Interface                 0x08006401   Thumb Code   384  interface.o(i.Print_Settings_Interface)
    Print_Stopwatch_Interface                0x080065b5   Thumb Code   194  interface.o(i.Print_Stopwatch_Interface)
    Print_Time                               0x080066ad   Thumb Code   274  interface.o(i.Print_Time)
    Print_Time_Set_Interface                 0x080067f1   Thumb Code   712  interface.o(i.Print_Time_Set_Interface)
    Print_Timer_Interface                    0x08006b51   Thumb Code   214  interface.o(i.Print_Timer_Interface)
    ReLU                                     0x08006c51   Thumb Code    16  function.o(i.ReLU)
    Settings_Function                        0x08006c61   Thumb Code    94  interface.o(i.Settings_Function)
    Smooth_Transition                        0x08006cdd   Thumb Code    66  interface.o(i.Smooth_Transition)
    StartDefaultTask                         0x08006d3d   Thumb Code    20  freertos.o(i.StartDefaultTask)
    Start_Interface                          0x08006d55   Thumb Code    42  interface.o(i.Start_Interface)
    String_X_Increase                        0x08006d91   Thumb Code   110  interface.o(i.String_X_Increase)
    String_Y_Increase                        0x08006e15   Thumb Code    96  interface.o(i.String_Y_Increase)
    Switch_Transform                         0x08006e81   Thumb Code   174  interface.o(i.Switch_Transform)
    SysTick_Handler                          0x08006f49   Thumb Code    22  cmsis_os2.o(i.SysTick_Handler)
    SystemClock_Config                       0x08006f61   Thumb Code   168  main.o(i.SystemClock_Config)
    SystemInit                               0x08007011   Thumb Code    14  system_stm32f4xx.o(i.SystemInit)
    TIM1_UP_TIM10_IRQHandler                 0x08007025   Thumb Code    10  stm32f4xx_it.o(i.TIM1_UP_TIM10_IRQHandler)
    TIM3_IRQHandler                          0x08007035   Thumb Code    10  stm32f4xx_it.o(i.TIM3_IRQHandler)
    TIM4_IRQHandler                          0x08007045   Thumb Code    10  stm32f4xx_it.o(i.TIM4_IRQHandler)
    TIM5_IRQHandler                          0x08007055   Thumb Code    10  stm32f4xx_it.o(i.TIM5_IRQHandler)
    TIM_Base_SetConfig                       0x08007065   Thumb Code   150  stm32f4xx_hal_tim.o(i.TIM_Base_SetConfig)
    TIM_CCxChannelCmd                        0x08007119   Thumb Code    34  stm32f4xx_hal_tim.o(i.TIM_CCxChannelCmd)
    TIM_ETR_SetConfig                        0x0800713b   Thumb Code    22  stm32f4xx_hal_tim.o(i.TIM_ETR_SetConfig)
    TIM_OC2_SetConfig                        0x080071c5   Thumb Code   100  stm32f4xx_hal_tim.o(i.TIM_OC2_SetConfig)
    Time_Clear                               0x0800732b   Thumb Code    22  function.o(i.Time_Clear)
    Time_Set                                 0x08007341   Thumb Code   438  function.o(i.Time_Set)
    Time_Update                              0x08007535   Thumb Code   308  function.o(i.Time_Update)
    Timer_ON                                 0x08007679   Thumb Code   160  function.o(i.Timer_ON)
    UART_Start_Receive_DMA                   0x08007cb5   Thumb Code   186  stm32f4xx_hal_uart.o(i.UART_Start_Receive_DMA)
    USART1_IRQHandler                        0x08007ddd   Thumb Code    10  stm32f4xx_it.o(i.USART1_IRQHandler)
    UsageFault_Handler                       0x08007ded   Thumb Code     4  stm32f4xx_it.o(i.UsageFault_Handler)
    Wave_Voltage                             0x08007df1   Thumb Code   520  function.o(i.Wave_Voltage)
    Week_Judgment                            0x08008045   Thumb Code   138  function.o(i.Week_Judgment)
    _OLED_GetUTF8Len                         0x080080d5   Thumb Code    60  oled.o(i._OLED_GetUTF8Len)
    __0sprintf                               0x08008111   Thumb Code    34  printfa.o(i.__0sprintf)
    __1sprintf                               0x08008111   Thumb Code     0  printfa.o(i.__0sprintf)
    __2sprintf                               0x08008111   Thumb Code     0  printfa.o(i.__0sprintf)
    __c89sprintf                             0x08008111   Thumb Code     0  printfa.o(i.__0sprintf)
    sprintf                                  0x08008111   Thumb Code     0  printfa.o(i.__0sprintf)
    __ARM_fpclassify                         0x08008139   Thumb Code    48  fpclassify.o(i.__ARM_fpclassify)
    __hardfp_asin                            0x080081a9   Thumb Code   770  asin.o(i.__hardfp_asin)
    __hardfp_atan                            0x08008509   Thumb Code   622  atan.o(i.__hardfp_atan)
    __hardfp_atan2                           0x080087e1   Thumb Code   432  atan2.o(i.__hardfp_atan2)
    __kernel_poly                            0x080089d1   Thumb Code   248  poly.o(i.__kernel_poly)
    __mathlib_dbl_infnan                     0x08008ac9   Thumb Code    20  dunder.o(i.__mathlib_dbl_infnan)
    __mathlib_dbl_infnan2                    0x08008add   Thumb Code    20  dunder.o(i.__mathlib_dbl_infnan2)
    __mathlib_dbl_invalid                    0x08008af1   Thumb Code    24  dunder.o(i.__mathlib_dbl_invalid)
    __mathlib_dbl_underflow                  0x08008b11   Thumb Code    24  dunder.o(i.__mathlib_dbl_underflow)
    __scatterload_copy                       0x08008b31   Thumb Code    14  handlers.o(i.__scatterload_copy)
    __scatterload_null                       0x08008b3f   Thumb Code     2  handlers.o(i.__scatterload_null)
    __scatterload_zeroinit                   0x08008b41   Thumb Code    14  handlers.o(i.__scatterload_zeroinit)
    __set_errno                              0x08008b51   Thumb Code     6  errno.o(i.__set_errno)
    atan                                     0x08009419   Thumb Code    16  atan.o(i.atan)
    displayScore                             0x0800948d   Thumb Code   104  dino.o(i.displayScore)
    dmp_read_fifo                            0x08009521   Thumb Code   462  inv_mpu_dmp_motion_driver.o(i.dmp_read_fifo)
    fabs                                     0x080096f5   Thumb Code    24  fabs.o(i.fabs)
    free                                     0x0800970d   Thumb Code    76  malloc.o(i.free)
    introMessage                             0x0800975d   Thumb Code    94  dino.o(i.introMessage)
    main                                     0x080097ed   Thumb Code   104  main.o(i.main)
    malloc                                   0x08009861   Thumb Code    92  malloc.o(i.malloc)
    moveDino                                 0x080098cd   Thumb Code    84  dino.o(i.moveDino)
    moveTree                                 0x08009935   Thumb Code    42  dino.o(i.moveTree)
    mpu_read_fifo_stream                     0x08009965   Thumb Code   230  inv_mpu.o(i.mpu_read_fifo_stream)
    mpu_reset_fifo                           0x08009a55   Thumb Code   608  inv_mpu.o(i.mpu_reset_fifo)
    osDelay                                  0x08009cbd   Thumb Code    30  cmsis_os2.o(i.osDelay)
    osKernelInitialize                       0x08009cdd   Thumb Code    38  cmsis_os2.o(i.osKernelInitialize)
    osKernelStart                            0x08009d09   Thumb Code    82  cmsis_os2.o(i.osKernelStart)
    osThreadNew                              0x08009d69   Thumb Code   184  cmsis_os2.o(i.osThreadNew)
    play                                     0x08009e21   Thumb Code   748  dino.o(i.play)
    pvPortMalloc                             0x0800abe1   Thumb Code   306  heap_4.o(i.pvPortMalloc)
    pxPortInitialiseStack                    0x0800ad2d   Thumb Code    38  port.o(i.pxPortInitialiseStack)
    sqrt                                     0x0800ad59   Thumb Code   110  sqrt.o(i.sqrt)
    uxListRemove                             0x0800adc7   Thumb Code    40  list.o(i.uxListRemove)
    vApplicationGetIdleTaskMemory            0x0800adf1   Thumb Code    14  cmsis_os2.o(i.vApplicationGetIdleTaskMemory)
    vApplicationGetTimerTaskMemory           0x0800ae09   Thumb Code    16  cmsis_os2.o(i.vApplicationGetTimerTaskMemory)
    vListInitialise                          0x0800ae21   Thumb Code    26  list.o(i.vListInitialise)
    vListInitialiseItem                      0x0800ae3b   Thumb Code     6  list.o(i.vListInitialiseItem)
    vListInsert                              0x0800ae41   Thumb Code    52  list.o(i.vListInsert)
    vListInsertEnd                           0x0800ae75   Thumb Code    24  list.o(i.vListInsertEnd)
    vPortEnterCritical                       0x0800ae8d   Thumb Code    76  port.o(i.vPortEnterCritical)
    vPortExitCritical                        0x0800aee1   Thumb Code    56  port.o(i.vPortExitCritical)
    vPortFree                                0x0800af1d   Thumb Code   150  heap_4.o(i.vPortFree)
    vPortSetupTimerInterrupt                 0x0800afc1   Thumb Code    36  port.o(i.vPortSetupTimerInterrupt)
    vPortValidateInterruptPriority           0x0800afe9   Thumb Code   106  port.o(i.vPortValidateInterruptPriority)
    vQueueAddToRegistry                      0x0800b061   Thumb Code    38  queue.o(i.vQueueAddToRegistry)
    vQueueWaitForMessageRestricted           0x0800b08d   Thumb Code    74  queue.o(i.vQueueWaitForMessageRestricted)
    vTaskDelay                               0x0800b0d9   Thumb Code    82  tasks.o(i.vTaskDelay)
    vTaskDelete                              0x0800b135   Thumb Code   168  tasks.o(i.vTaskDelete)
    vTaskInternalSetTimeOutState             0x0800b1fd   Thumb Code    14  tasks.o(i.vTaskInternalSetTimeOutState)
    vTaskMissedYield                         0x0800b215   Thumb Code     8  tasks.o(i.vTaskMissedYield)
    vTaskPlaceOnEventList                    0x0800b221   Thumb Code    52  tasks.o(i.vTaskPlaceOnEventList)
    vTaskPlaceOnEventListRestricted          0x0800b259   Thumb Code    60  tasks.o(i.vTaskPlaceOnEventListRestricted)
    vTaskResume                              0x0800b299   Thumb Code   126  tasks.o(i.vTaskResume)
    vTaskStartScheduler                      0x0800b329   Thumb Code   156  tasks.o(i.vTaskStartScheduler)
    vTaskSuspend                             0x0800b3e1   Thumb Code   176  tasks.o(i.vTaskSuspend)
    vTaskSuspendAll                          0x0800b4a9   Thumb Code    12  tasks.o(i.vTaskSuspendAll)
    vTaskSwitchContext                       0x0800b4b9   Thumb Code   122  tasks.o(i.vTaskSwitchContext)
    xPortStartScheduler                      0x0800b549   Thumb Code   330  port.o(i.xPortStartScheduler)
    xPortSysTickHandler                      0x0800b6b1   Thumb Code    46  port.o(i.xPortSysTickHandler)
    xQueueGenericCreateStatic                0x0800b6e5   Thumb Code   224  queue.o(i.xQueueGenericCreateStatic)
    xQueueGenericReset                       0x0800b7c5   Thumb Code   146  queue.o(i.xQueueGenericReset)
    xQueueGenericSend                        0x0800b85d   Thumb Code   420  queue.o(i.xQueueGenericSend)
    xQueueGenericSendFromISR                 0x0800ba05   Thumb Code   252  queue.o(i.xQueueGenericSendFromISR)
    xQueueReceive                            0x0800bb01   Thumb Code   356  queue.o(i.xQueueReceive)
    xTaskCheckForTimeOut                     0x0800bc69   Thumb Code   132  tasks.o(i.xTaskCheckForTimeOut)
    xTaskCreate                              0x0800bcf5   Thumb Code   100  tasks.o(i.xTaskCreate)
    xTaskCreateStatic                        0x0800bd59   Thumb Code   186  tasks.o(i.xTaskCreateStatic)
    xTaskGetSchedulerState                   0x0800be15   Thumb Code    24  tasks.o(i.xTaskGetSchedulerState)
    xTaskGetTickCount                        0x0800be35   Thumb Code     6  tasks.o(i.xTaskGetTickCount)
    xTaskIncrementTick                       0x0800be41   Thumb Code   280  tasks.o(i.xTaskIncrementTick)
    xTaskPriorityDisinherit                  0x0800bf85   Thumb Code   152  tasks.o(i.xTaskPriorityDisinherit)
    xTaskRemoveFromEventList                 0x0800c029   Thumb Code   126  tasks.o(i.xTaskRemoveFromEventList)
    xTaskResumeAll                           0x0800c0c1   Thumb Code   222  tasks.o(i.xTaskResumeAll)
    xTimerCreateTimerTask                    0x0800c1c5   Thumb Code   100  timers.o(i.xTimerCreateTimerTask)
    xTimerGenericCommand                     0x0800c23d   Thumb Code   128  timers.o(i.xTimerGenericCommand)
    defaultTask_attributes                   0x0800c2c0   Data          36  freertos.o(.constdata)
    AHBPrescTable                            0x0800c2ec   Data          16  system_stm32f4xx.o(.constdata)
    APBPrescTable                            0x0800c2fc   Data           8  system_stm32f4xx.o(.constdata)
    ascii_8x6                                0x0800c304   Data         552  font.o(.constdata)
    afont8x6                                 0x0800c52c   Data           8  font.o(.constdata)
    ascii_12x6                               0x0800c534   Data        1140  font.o(.constdata)
    afont12x6                                0x0800c9a8   Data           8  font.o(.constdata)
    ascii_16x8                               0x0800c9b0   Data        1520  font.o(.constdata)
    afont16x8                                0x0800cfa0   Data           8  font.o(.constdata)
    ascii_24x12                              0x0800cfa8   Data        3420  font.o(.constdata)
    afont24x12                               0x0800dd04   Data           8  font.o(.constdata)
    zh8x6                                    0x0800dd0c   Data          12  font.o(.constdata)
    font8x6                                  0x0800dd18   Data          16  font.o(.constdata)
    zh12x12                                  0x0800dd28   Data         756  font.o(.constdata)
    font12x12                                0x0800e01c   Data          16  font.o(.constdata)
    zh16x16                                  0x0800e02c   Data         540  font.o(.constdata)
    font16x16                                0x0800e248   Data          16  font.o(.constdata)
    zh24x24                                  0x0800e258   Data         760  font.o(.constdata)
    font24x24                                0x0800e550   Data          16  font.o(.constdata)
    zh24x12                                  0x0800e560   Data          12  font.o(.constdata)
    font24x12                                0x0800e56c   Data          16  font.o(.constdata)
    TimerData                                0x0800e57c   Data         128  font.o(.constdata)
    TimerImg                                 0x0800e5fc   Data           8  font.o(.constdata)
    gameData                                 0x0800e604   Data         128  font.o(.constdata)
    gameImg                                  0x0800e684   Data           8  font.o(.constdata)
    settingsData                             0x0800e68c   Data         128  font.o(.constdata)
    settingsImg                              0x0800e70c   Data           8  font.o(.constdata)
    dht11Data                                0x0800e714   Data         128  font.o(.constdata)
    dht11Img                                 0x0800e794   Data           8  font.o(.constdata)
    WaveVoltageData                          0x0800e79c   Data         128  font.o(.constdata)
    WaveVoltageImg                           0x0800e81c   Data           8  font.o(.constdata)
    BluetoothData                            0x0800e824   Data          24  font.o(.constdata)
    BluetoothImg                             0x0800e83c   Data           8  font.o(.constdata)
    dianchiData                              0x0800e844   Data          28  font.o(.constdata)
    dianchiImg                               0x0800e860   Data           8  font.o(.constdata)
    left_arrowData                           0x0800e868   Data          10  font.o(.constdata)
    left_arrowImg                            0x0800e874   Data           8  font.o(.constdata)
    rigth_arrowData                          0x0800e87c   Data          10  font.o(.constdata)
    rigth_arrowImg                           0x0800e888   Data           8  font.o(.constdata)
    Switch_OFFData                           0x0800e890   Data          12  font.o(.constdata)
    Switch_OFFImg                            0x0800e89c   Data           8  font.o(.constdata)
    Switch_ONData                            0x0800e8a4   Data          12  font.o(.constdata)
    Switch_ONImg                             0x0800e8b0   Data           8  font.o(.constdata)
    dino_crashedData                         0x0800e8b8   Data          63  dino.o(.constdata)
    dino_crashedImg                          0x0800e8f8   Data           8  dino.o(.constdata)
    dino_front_legData                       0x0800e900   Data          63  dino.o(.constdata)
    dino_front_legImg                        0x0800e940   Data           8  dino.o(.constdata)
    dino_back_legData                        0x0800e948   Data          63  dino.o(.constdata)
    dino_back_legImg                         0x0800e988   Data           8  dino.o(.constdata)
    dino_jumpsData                           0x0800e990   Data          63  dino.o(.constdata)
    dino_jumpsImg                            0x0800e9d0   Data           8  dino.o(.constdata)
    tree_smallData                           0x0800e9d8   Data          12  dino.o(.constdata)
    tree_smallImg                            0x0800e9e4   Data           8  dino.o(.constdata)
    tree_bigData                             0x0800e9ec   Data          36  dino.o(.constdata)
    tree_bigImg                              0x0800ea10   Data           8  dino.o(.constdata)
    time_distance                            0x0800ea18   Data          38  dino.o(.constdata)
    reg                                      0x0800ea40   Data          30  inv_mpu.o(.constdata)
    hw                                       0x0800ea5e   Data          12  inv_mpu.o(.constdata)
    test                                     0x0800ea6c   Data          40  inv_mpu.o(.constdata)
    __mathlib_zero                           0x0800eb80   Data           8  qnan.o(.constdata)
    Region$$Table$$Base                      0x0800eb94   Number         0  anon$$obj.o(Region$$Table)
    Region$$Table$$Limit                     0x0800ebb4   Number         0  anon$$obj.o(Region$$Table)
    State_Time                               0x20000000   Data           1  main.o(.data)
    Clock_Count                              0x20000004   Data           4  main.o(.data)
    Timer_Count                              0x20000008   Data           4  main.o(.data)
    xFunction_Handle                         0x2000000c   Data           4  freertos.o(.data)
    xButton_Handle                           0x20000010   Data           4  freertos.o(.data)
    xBenchmarks_Handle                       0x20000014   Data           4  freertos.o(.data)
    defaultTaskHandle                        0x20000018   Data           4  freertos.o(.data)
    uwTick                                   0x2000001c   Data           4  stm32f4xx_hal.o(.data)
    uwTickPrio                               0x20000020   Data           4  stm32f4xx_hal.o(.data)
    uwTickFreq                               0x20000024   Data           1  stm32f4xx_hal.o(.data)
    SystemCoreClock                          0x20000028   Data           4  system_stm32f4xx.o(.data)
    Start_Interface_H                        0x2000002c   Data           4  interface.o(.data)
    Main_Interface_H                         0x20000030   Data           4  interface.o(.data)
    Timer_Interface_H                        0x20000034   Data           4  interface.o(.data)
    Game_Interface_H                         0x20000038   Data           4  interface.o(.data)
    Settings_Interface_H                     0x2000003c   Data           4  interface.o(.data)
    WaveVoltage_Interface_H                  0x20000040   Data           4  interface.o(.data)
    DHT11_Interface_H                        0x20000044   Data           4  interface.o(.data)
    Alarm_Interface_H                        0x20000048   Data           4  interface.o(.data)
    Stopwatch_Interface_H                    0x2000004c   Data           4  interface.o(.data)
    Time_Set_Interface_H                     0x20000050   Data           4  interface.o(.data)
    Attitude_Calibration_Interface_H         0x20000054   Data           4  interface.o(.data)
    Showmode_H                               0x20000058   Data           4  interface.o(.data)
    Bluetooth_H                              0x2000005c   Data           4  interface.o(.data)
    Dino_Interface_H                         0x20000060   Data           4  interface.o(.data)
    WaveVoltage_H                            0x20000064   Data           4  interface.o(.data)
    DHT_H                                    0x20000068   Data           4  interface.o(.data)
    Alarm_H                                  0x2000006c   Data           4  interface.o(.data)
    Stopwatch_H                              0x20000070   Data           4  interface.o(.data)
    Time_Set_H                               0x20000074   Data           4  interface.o(.data)
    Attitude_Calibration_H                   0x20000078   Data           4  interface.o(.data)
    Dino_Play_H                              0x2000007c   Data           4  interface.o(.data)
    Dino_H                                   0x20000080   Data           4  interface.o(.data)
    Minute                                   0x20000084   Data           4  interface.o(.data)
    Hour                                     0x20000088   Data           4  interface.o(.data)
    Year                                     0x2000008c   Data           4  interface.o(.data)
    Month                                    0x20000090   Data           4  interface.o(.data)
    Day                                      0x20000094   Data           4  interface.o(.data)
    Week                                     0x20000098   Data           4  interface.o(.data)
    Complete                                 0x2000009c   Data           4  interface.o(.data)
    Select                                   0x200000a0   Data           4  interface.o(.data)
    Current                                  0x200000a4   Data           4  interface.o(.data)
    Mode                                     0x200000a8   Data           1  interface.o(.data)
    Shutdown                                 0x200000a9   Data           1  interface.o(.data)
    Funtion_ON                               0x200000aa   Data           1  interface.o(.data)
    Clock                                    0x200000ab   Data          11  interface.o(.data)
    Date                                     0x200000b6   Data          22  interface.o(.data)
    String_x                                 0x200000cc   Data           1  interface.o(.data)
    String_y                                 0x200000cd   Data           1  interface.o(.data)
    Interface_y                              0x200000ce   Data           1  interface.o(.data)
    Pre_x                                    0x200000cf   Data           1  interface.o(.data)
    Photo_x                                  0x200000d0   Data           1  interface.o(.data)
    Pre_ID                                   0x200000d1   Data           1  interface.o(.data)
    Pre_Name_length                          0x200000d2   Data           1  interface.o(.data)
    Next_x                                   0x200000d3   Data           1  interface.o(.data)
    state_photo                              0x200000d4   Data           1  interface.o(.data)
    state_string                             0x200000d5   Data           1  interface.o(.data)
    state_interface                          0x200000d6   Data           1  interface.o(.data)
    complete_interface                       0x200000d7   Data           1  interface.o(.data)
    switch_mode                              0x200000d8   Data           1  interface.o(.data)
    Pre_Function                             0x200000dc   Data           4  interface.o(.data)
    Transform                                0x200000e0   Data           2  interface.o(.data)
    xBlueTooth_Handle                        0x200000e4   Data           4  interface.o(.data)
    button                                   0x200000e8   Data           4  interface.o(.data)
    highest_score                            0x200000f0   Data           4  dino.o(.data)
    collision                                0x200000f4   Data           1  dino.o(.data)
    Complete_Alarm_Set                       0x200000f8   Data           1  function.o(.data)
    Stopwatch                                0x200000f9   Data          11  function.o(.data)
    Alarm                                    0x20000104   Data          11  function.o(.data)
    roll_f                                   0x20000110   Data           4  function.o(.data)
    yaw_f                                    0x20000114   Data           4  function.o(.data)
    pitch_f                                  0x20000118   Data           4  function.o(.data)
    roll                                     0x2000011c   Data           4  function.o(.data)
    yaw                                      0x20000120   Data           4  function.o(.data)
    pitch                                    0x20000124   Data           4  function.o(.data)
    Data                                     0x20000138   Data           5  dht11.o(.data)
    pxCurrentTCB                             0x2000017c   Data           4  tasks.o(.data)
    __microlib_freelist                      0x200001fc   Data           4  mvars.o(.data)
    __microlib_freelist_initialised          0x20000200   Data           4  mvars.o(.data)
    hadc1                                    0x20000208   Data          72  adc.o(.bss)
    hdma_adc1                                0x20000250   Data          96  adc.o(.bss)
    hi2c1                                    0x200002b0   Data          84  i2c.o(.bss)
    hi2c3                                    0x20000304   Data          84  i2c.o(.bss)
    htim2                                    0x20000358   Data          72  tim.o(.bss)
    htim3                                    0x200003a0   Data          72  tim.o(.bss)
    htim4                                    0x200003e8   Data          72  tim.o(.bss)
    htim5                                    0x20000430   Data          72  tim.o(.bss)
    htim9                                    0x20000478   Data          72  tim.o(.bss)
    huart1                                   0x200004c0   Data          72  usart.o(.bss)
    hdma_usart1_rx                           0x20000508   Data          96  usart.o(.bss)
    hdma_usart1_tx                           0x20000568   Data          96  usart.o(.bss)
    htim10                                   0x200005c8   Data          72  stm32f4xx_hal_timebase_tim.o(.bss)
    tmp                                      0x20000610   Data          30  dino.o(.bss)
    Receivedata                              0x2000063e   Data          50  function.o(.bss)
    OLED_GRAM                                0x20000780   Data        1024  oled.o(.bss)
    xQueueRegistry                           0x20000c04   Data          64  queue.o(.bss)
    __heap_base                              0x200054d8   Data           0  startup_stm32f411xe.o(HEAP)
    __heap_limit                             0x20005cd8   Data           0  startup_stm32f411xe.o(HEAP)
    __initial_sp                             0x200060d8   Data           0  startup_stm32f411xe.o(STACK)



==============================================================================

Memory Map of the image

  Image Entry point : 0x08000199

  Load Region LR_IROM1 (Base: 0x08000000, Size: 0x0000edbc, Max: 0x00080000, ABSOLUTE, COMPRESSED[0x0000ec04])

    Execution Region ER_IROM1 (Exec base: 0x08000000, Load base: 0x08000000, Size: 0x0000ebb4, Max: 0x00080000, ABSOLUTE)

    Exec Addr    Load Addr    Size         Type   Attr      Idx    E Section Name        Object

    0x08000000   0x08000000   0x00000198   Data   RO            3    RESET               startup_stm32f411xe.o
    0x08000198   0x08000198   0x00000000   Code   RO         7517  * .ARM.Collect$$$$00000000  mc_w.l(entry.o)
    0x08000198   0x08000198   0x00000004   Code   RO         7912    .ARM.Collect$$$$00000001  mc_w.l(entry2.o)
    0x0800019c   0x0800019c   0x00000004   Code   RO         7915    .ARM.Collect$$$$00000004  mc_w.l(entry5.o)
    0x080001a0   0x080001a0   0x00000000   Code   RO         7917    .ARM.Collect$$$$00000008  mc_w.l(entry7b.o)
    0x080001a0   0x080001a0   0x00000000   Code   RO         7919    .ARM.Collect$$$$0000000A  mc_w.l(entry8b.o)
    0x080001a0   0x080001a0   0x00000008   Code   RO         7920    .ARM.Collect$$$$0000000B  mc_w.l(entry9a.o)
    0x080001a8   0x080001a8   0x00000000   Code   RO         7922    .ARM.Collect$$$$0000000D  mc_w.l(entry10a.o)
    0x080001a8   0x080001a8   0x00000000   Code   RO         7924    .ARM.Collect$$$$0000000F  mc_w.l(entry11a.o)
    0x080001a8   0x080001a8   0x00000004   Code   RO         7913    .ARM.Collect$$$$00002712  mc_w.l(entry2.o)
    0x080001ac   0x080001ac   0x000000be   Code   RO         7388    .emb_text           port.o
    0x0800026a   0x0800026a   0x00000002   PAD
    0x0800026c   0x0800026c   0x00000024   Code   RO            4    .text               startup_stm32f411xe.o
    0x08000290   0x08000290   0x00000062   Code   RO         7520    .text               mc_w.l(uldiv.o)
    0x080002f2   0x080002f2   0x00000024   Code   RO         7524    .text               mc_w.l(memcpya.o)
    0x08000316   0x08000316   0x00000024   Code   RO         7528    .text               mc_w.l(memseta.o)
    0x0800033a   0x0800033a   0x00000018   Code   RO         7530    .text               mc_w.l(strcat.o)
    0x08000352   0x08000352   0x00000024   Code   RO         7532    .text               mc_w.l(strstr.o)
    0x08000376   0x08000376   0x0000000e   Code   RO         7534    .text               mc_w.l(strlen.o)
    0x08000384   0x08000384   0x0000001a   Code   RO         7536    .text               mc_w.l(memcmp.o)
    0x0800039e   0x0800039e   0x00000028   Code   RO         7538    .text               mc_w.l(strncat.o)
    0x080003c6   0x080003c6   0x0000014e   Code   RO         7831    .text               mf_w.l(dadd.o)
    0x08000514   0x08000514   0x000000e4   Code   RO         7833    .text               mf_w.l(dmul.o)
    0x080005f8   0x080005f8   0x00000026   Code   RO         7843    .text               mf_w.l(f2d.o)
    0x0800061e   0x0800061e   0x00000038   Code   RO         7845    .text               mf_w.l(d2f.o)
    0x08000656   0x08000656   0x0000002c   Code   RO         7929    .text               mc_w.l(uidiv.o)
    0x08000682   0x08000682   0x0000001e   Code   RO         7931    .text               mc_w.l(llshl.o)
    0x080006a0   0x080006a0   0x00000020   Code   RO         7933    .text               mc_w.l(llushr.o)
    0x080006c0   0x080006c0   0x00000024   Code   RO         7935    .text               mc_w.l(llsshr.o)
    0x080006e4   0x080006e4   0x00000000   Code   RO         7946    .text               mc_w.l(iusefp.o)
    0x080006e4   0x080006e4   0x0000006e   Code   RO         7947    .text               mf_w.l(fepilogue.o)
    0x08000752   0x08000752   0x000000ba   Code   RO         7949    .text               mf_w.l(depilogue.o)
    0x0800080c   0x0800080c   0x000000de   Code   RO         7951    .text               mf_w.l(ddiv.o)
    0x080008ea   0x080008ea   0x00000030   Code   RO         7957    .text               mf_w.l(dfixul.o)
    0x0800091a   0x0800091a   0x00000002   PAD
    0x0800091c   0x0800091c   0x00000030   Code   RO         7959    .text               mf_w.l(cdrcmple.o)
    0x0800094c   0x0800094c   0x00000024   Code   RO         7961    .text               mc_w.l(init.o)
    0x08000970   0x08000970   0x000000a2   Code   RO         7965    .text               mf_w.l(dsqrt.o)
    0x08000a12   0x08000a12   0x00000056   Code   RO         7977    .text               mc_w.l(__dczerorl2.o)
    0x08000a68   0x08000a68   0x0000007e   Code   RO          893    i.ADC_DMAConvCplt   stm32f4xx_hal_adc.o
    0x08000ae6   0x08000ae6   0x0000001a   Code   RO          894    i.ADC_DMAError      stm32f4xx_hal_adc.o
    0x08000b00   0x08000b00   0x0000000e   Code   RO          895    i.ADC_DMAHalfConvCplt  stm32f4xx_hal_adc.o
    0x08000b0e   0x08000b0e   0x00000002   PAD
    0x08000b10   0x08000b10   0x00000160   Code   RO          896    i.ADC_Init          stm32f4xx_hal_adc.o
    0x08000c70   0x08000c70   0x000000c8   Code   RO         4706    i.Attitude_Calibration  function.o
    0x08000d38   0x08000d38   0x00000084   Code   RO         4375    i.Benchmarks_Init   interface.o
    0x08000dbc   0x08000dbc   0x00000038   Code   RO         4707    i.BlueTooth_ON      function.o
    0x08000df4   0x08000df4   0x00000004   Code   RO          598    i.BusFault_Handler  stm32f4xx_it.o
    0x08000df8   0x08000df8   0x00000094   Code   RO         4376    i.Button_Scan       interface.o
    0x08000e8c   0x08000e8c   0x00000034   Code   RO         4708    i.Buzzer_ON         function.o
    0x08000ec0   0x08000ec0   0x000000ec   Code   RO         4377    i.Coordinate_Init   interface.o
    0x08000fac   0x08000fac   0x00000046   Code   RO         4593    i.Create_ConnectInterface  my_list.o
    0x08000ff2   0x08000ff2   0x00000022   Code   RO         4594    i.Create_HeadInterface  my_list.o
    0x08001014   0x08001014   0x00000058   Code   RO         4595    i.Create_Option     my_list.o
    0x0800106c   0x0800106c   0x0000002c   Code   RO         4596    i.Create_TailInterface  my_list.o
    0x08001098   0x08001098   0x00000060   Code   RO         4805    i.DHT11_Start       dht11.o
    0x080010f8   0x080010f8   0x00000020   Code   RO         4806    i.DHT_GPIO_INPUT    dht11.o
    0x08001118   0x08001118   0x00000020   Code   RO         4807    i.DHT_GPIO_OUTPUT   dht11.o
    0x08001138   0x08001138   0x00000174   Code   RO         4808    i.DHT_Read          dht11.o
    0x080012ac   0x080012ac   0x00000054   Code   RO         4809    i.DHT_Read_Byte     dht11.o
    0x08001300   0x08001300   0x00000010   Code   RO          599    i.DMA2_Stream0_IRQHandler  stm32f4xx_it.o
    0x08001310   0x08001310   0x00000010   Code   RO          600    i.DMA2_Stream2_IRQHandler  stm32f4xx_it.o
    0x08001320   0x08001320   0x00000010   Code   RO          601    i.DMA2_Stream7_IRQHandler  stm32f4xx_it.o
    0x08001330   0x08001330   0x00000034   Code   RO         1739    i.DMA_CalcBaseAndBitshift  stm32f4xx_hal_dma.o
    0x08001364   0x08001364   0x000000aa   Code   RO         1740    i.DMA_CheckFifoParam  stm32f4xx_hal_dma.o
    0x0800140e   0x0800140e   0x0000002c   Code   RO         1741    i.DMA_SetConfig     stm32f4xx_hal_dma.o
    0x0800143a   0x0800143a   0x00000002   Code   RO          602    i.DebugMon_Handler  stm32f4xx_it.o
    0x0800143c   0x0800143c   0x00000064   Code   RO         4709    i.Delay_us          function.o
    0x080014a0   0x080014a0   0x0000000c   Code   RO          603    i.EXTI15_10_IRQHandler  stm32f4xx_it.o
    0x080014ac   0x080014ac   0x0000000a   Code   RO          604    i.EXTI1_IRQHandler  stm32f4xx_it.o
    0x080014b6   0x080014b6   0x0000000a   Code   RO          605    i.EXTI4_IRQHandler  stm32f4xx_it.o
    0x080014c0   0x080014c0   0x0000000a   Code   RO          606    i.EXTI9_5_IRQHandler  stm32f4xx_it.o
    0x080014ca   0x080014ca   0x00000006   Code   RO           13    i.Error_Handler     main.o
    0x080014d0   0x080014d0   0x00000018   Code   RO         4597    i.Free_Option       my_list.o
    0x080014e8   0x080014e8   0x00000070   Code   RO         4378    i.Function_Run      interface.o
    0x08001558   0x08001558   0x000001a4   Code   RO          898    i.HAL_ADC_ConfigChannel  stm32f4xx_hal_adc.o
    0x080016fc   0x080016fc   0x00000002   Code   RO          899    i.HAL_ADC_ConvCpltCallback  stm32f4xx_hal_adc.o
    0x080016fe   0x080016fe   0x00000002   Code   RO          900    i.HAL_ADC_ConvHalfCpltCallback  stm32f4xx_hal_adc.o
    0x08001700   0x08001700   0x00000002   Code   RO          902    i.HAL_ADC_ErrorCallback  stm32f4xx_hal_adc.o
    0x08001702   0x08001702   0x00000002   PAD
    0x08001704   0x08001704   0x00000068   Code   RO          907    i.HAL_ADC_Init      stm32f4xx_hal_adc.o
    0x0800176c   0x0800176c   0x000000c4   Code   RO          359    i.HAL_ADC_MspInit   adc.o
    0x08001830   0x08001830   0x00000178   Code   RO          914    i.HAL_ADC_Start_DMA  stm32f4xx_hal_adc.o
    0x080019a8   0x080019a8   0x000000ac   Code   RO         1742    i.HAL_DMA_Abort     stm32f4xx_hal_dma.o
    0x08001a54   0x08001a54   0x00000028   Code   RO         1743    i.HAL_DMA_Abort_IT  stm32f4xx_hal_dma.o
    0x08001a7c   0x08001a7c   0x00000240   Code   RO         1747    i.HAL_DMA_IRQHandler  stm32f4xx_hal_dma.o
    0x08001cbc   0x08001cbc   0x000000ec   Code   RO         1748    i.HAL_DMA_Init      stm32f4xx_hal_dma.o
    0x08001da8   0x08001da8   0x00000092   Code   RO         1752    i.HAL_DMA_Start_IT  stm32f4xx_hal_dma.o
    0x08001e3a   0x08001e3a   0x00000002   PAD
    0x08001e3c   0x08001e3c   0x00000028   Code   RO         2208    i.HAL_Delay         stm32f4xx_hal.o
    0x08001e64   0x08001e64   0x00000020   Code   RO           14    i.HAL_GPIO_EXTI_Callback  main.o
    0x08001e84   0x08001e84   0x0000001c   Code   RO         1634    i.HAL_GPIO_EXTI_IRQHandler  stm32f4xx_hal_gpio.o
    0x08001ea0   0x08001ea0   0x000001c8   Code   RO         1635    i.HAL_GPIO_Init     stm32f4xx_hal_gpio.o
    0x08002068   0x08002068   0x00000010   Code   RO         1637    i.HAL_GPIO_ReadPin  stm32f4xx_hal_gpio.o
    0x08002078   0x08002078   0x00000014   Code   RO         1638    i.HAL_GPIO_TogglePin  stm32f4xx_hal_gpio.o
    0x0800208c   0x0800208c   0x0000000c   Code   RO         1639    i.HAL_GPIO_WritePin  stm32f4xx_hal_gpio.o
    0x08002098   0x08002098   0x0000000c   Code   RO         2214    i.HAL_GetTick       stm32f4xx_hal.o
    0x080020a4   0x080020a4   0x000001d0   Code   RO         2470    i.HAL_I2C_Init      stm32f4xx_hal_i2c.o
    0x08002274   0x08002274   0x00000170   Code   RO         2483    i.HAL_I2C_Master_Transmit  stm32f4xx_hal_i2c.o
    0x080023e4   0x080023e4   0x00000308   Code   RO         2488    i.HAL_I2C_Mem_Read  stm32f4xx_hal_i2c.o
    0x080026ec   0x080026ec   0x00000164   Code   RO         2491    i.HAL_I2C_Mem_Write  stm32f4xx_hal_i2c.o
    0x08002850   0x08002850   0x00000134   Code   RO          425    i.HAL_I2C_MspInit   i2c.o
    0x08002984   0x08002984   0x00000018   Code   RO         2220    i.HAL_IncTick       stm32f4xx_hal.o
    0x0800299c   0x0800299c   0x0000003c   Code   RO         2221    i.HAL_Init          stm32f4xx_hal.o
    0x080029d8   0x080029d8   0x000000a0   Code   RO          752    i.HAL_InitTick      stm32f4xx_hal_timebase_tim.o
    0x08002a78   0x08002a78   0x00000054   Code   RO          728    i.HAL_MspInit       stm32f4xx_hal_msp.o
    0x08002acc   0x08002acc   0x00000028   Code   RO         2051    i.HAL_NVIC_EnableIRQ  stm32f4xx_hal_cortex.o
    0x08002af4   0x08002af4   0x0000007c   Code   RO         2057    i.HAL_NVIC_SetPriority  stm32f4xx_hal_cortex.o
    0x08002b70   0x08002b70   0x00000028   Code   RO         2058    i.HAL_NVIC_SetPriorityGrouping  stm32f4xx_hal_cortex.o
    0x08002b98   0x08002b98   0x00000184   Code   RO         1172    i.HAL_RCC_ClockConfig  stm32f4xx_hal_rcc.o
    0x08002d1c   0x08002d1c   0x00000044   Code   RO         1176    i.HAL_RCC_GetClockConfig  stm32f4xx_hal_rcc.o
    0x08002d60   0x08002d60   0x0000000c   Code   RO         1177    i.HAL_RCC_GetHCLKFreq  stm32f4xx_hal_rcc.o
    0x08002d6c   0x08002d6c   0x00000020   Code   RO         1179    i.HAL_RCC_GetPCLK1Freq  stm32f4xx_hal_rcc.o
    0x08002d8c   0x08002d8c   0x00000020   Code   RO         1180    i.HAL_RCC_GetPCLK2Freq  stm32f4xx_hal_rcc.o
    0x08002dac   0x08002dac   0x000000b0   Code   RO         1181    i.HAL_RCC_GetSysClockFreq  stm32f4xx_hal_rcc.o
    0x08002e5c   0x08002e5c   0x0000049c   Code   RO         1184    i.HAL_RCC_OscConfig  stm32f4xx_hal_rcc.o
    0x080032f8   0x080032f8   0x00000002   Code   RO         3683    i.HAL_TIMEx_BreakCallback  stm32f4xx_hal_tim_ex.o
    0x080032fa   0x080032fa   0x00000002   Code   RO         3684    i.HAL_TIMEx_CommutCallback  stm32f4xx_hal_tim_ex.o
    0x080032fc   0x080032fc   0x0000009c   Code   RO         3702    i.HAL_TIMEx_MasterConfigSynchronization  stm32f4xx_hal_tim_ex.o
    0x08003398   0x08003398   0x00000066   Code   RO         2968    i.HAL_TIM_Base_Init  stm32f4xx_hal_tim.o
    0x080033fe   0x080033fe   0x00000002   PAD
    0x08003400   0x08003400   0x000000ec   Code   RO          473    i.HAL_TIM_Base_MspInit  tim.o
    0x080034ec   0x080034ec   0x00000084   Code   RO         2971    i.HAL_TIM_Base_Start  stm32f4xx_hal_tim.o
    0x08003570   0x08003570   0x00000090   Code   RO         2973    i.HAL_TIM_Base_Start_IT  stm32f4xx_hal_tim.o
    0x08003600   0x08003600   0x0000003e   Code   RO         2976    i.HAL_TIM_Base_Stop_IT  stm32f4xx_hal_tim.o
    0x0800363e   0x0800363e   0x0000010c   Code   RO         2977    i.HAL_TIM_ConfigClockSource  stm32f4xx_hal_tim.o
    0x0800374a   0x0800374a   0x00000002   Code   RO         3002    i.HAL_TIM_IC_CaptureCallback  stm32f4xx_hal_tim.o
    0x0800374c   0x0800374c   0x0000016c   Code   RO         3016    i.HAL_TIM_IRQHandler  stm32f4xx_hal_tim.o
    0x080038b8   0x080038b8   0x00000060   Code   RO          474    i.HAL_TIM_MspPostInit  tim.o
    0x08003918   0x08003918   0x00000002   Code   RO         3019    i.HAL_TIM_OC_DelayElapsedCallback  stm32f4xx_hal_tim.o
    0x0800391a   0x0800391a   0x00000104   Code   RO         3040    i.HAL_TIM_PWM_ConfigChannel  stm32f4xx_hal_tim.o
    0x08003a1e   0x08003a1e   0x00000066   Code   RO         3043    i.HAL_TIM_PWM_Init  stm32f4xx_hal_tim.o
    0x08003a84   0x08003a84   0x00000034   Code   RO          476    i.HAL_TIM_PWM_MspInit  tim.o
    0x08003ab8   0x08003ab8   0x00000002   Code   RO         3046    i.HAL_TIM_PWM_PulseFinishedCallback  stm32f4xx_hal_tim.o
    0x08003aba   0x08003aba   0x00000002   PAD
    0x08003abc   0x08003abc   0x000000ec   Code   RO         3048    i.HAL_TIM_PWM_Start  stm32f4xx_hal_tim.o
    0x08003ba8   0x08003ba8   0x000000bc   Code   RO           15    i.HAL_TIM_PeriodElapsedCallback  main.o
    0x08003c64   0x08003c64   0x00000002   Code   RO         3059    i.HAL_TIM_TriggerCallback  stm32f4xx_hal_tim.o
    0x08003c66   0x08003c66   0x00000072   Code   RO         3960    i.HAL_UARTEx_ReceiveToIdle_DMA  stm32f4xx_hal_uart.o
    0x08003cd8   0x08003cd8   0x0000003c   Code   RO           16    i.HAL_UARTEx_RxEventCallback  main.o
    0x08003d14   0x08003d14   0x00000002   Code   RO         3976    i.HAL_UART_ErrorCallback  stm32f4xx_hal_uart.o
    0x08003d16   0x08003d16   0x00000002   PAD
    0x08003d18   0x08003d18   0x000002e8   Code   RO         3979    i.HAL_UART_IRQHandler  stm32f4xx_hal_uart.o
    0x08004000   0x08004000   0x00000076   Code   RO         3980    i.HAL_UART_Init     stm32f4xx_hal_uart.o
    0x08004076   0x08004076   0x00000002   PAD
    0x08004078   0x08004078   0x0000011c   Code   RO          557    i.HAL_UART_MspInit  usart.o
    0x08004194   0x08004194   0x00000002   Code   RO         3986    i.HAL_UART_RxCpltCallback  stm32f4xx_hal_uart.o
    0x08004196   0x08004196   0x00000002   Code   RO         3987    i.HAL_UART_RxHalfCpltCallback  stm32f4xx_hal_uart.o
    0x08004198   0x08004198   0x0000008c   Code   RO         3989    i.HAL_UART_Transmit_DMA  stm32f4xx_hal_uart.o
    0x08004224   0x08004224   0x00000002   Code   RO         3991    i.HAL_UART_TxCpltCallback  stm32f4xx_hal_uart.o
    0x08004226   0x08004226   0x00000002   Code   RO         3992    i.HAL_UART_TxHalfCpltCallback  stm32f4xx_hal_uart.o
    0x08004228   0x08004228   0x00000004   Code   RO          607    i.HardFault_Handler  stm32f4xx_it.o
    0x0800422c   0x0800422c   0x0000003e   Code   RO         2514    i.I2C_IsAcknowledgeFailed  stm32f4xx_hal_i2c.o
    0x0800426a   0x0800426a   0x00000002   PAD
    0x0800426c   0x0800426c   0x000000c0   Code   RO         2518    i.I2C_MasterRequestWrite  stm32f4xx_hal_i2c.o
    0x0800432c   0x0800432c   0x00000160   Code   RO         2525    i.I2C_RequestMemoryRead  stm32f4xx_hal_i2c.o
    0x0800448c   0x0800448c   0x000000e0   Code   RO         2526    i.I2C_RequestMemoryWrite  stm32f4xx_hal_i2c.o
    0x0800456c   0x0800456c   0x00000066   Code   RO         2534    i.I2C_WaitOnBTFFlagUntilTimeout  stm32f4xx_hal_i2c.o
    0x080045d2   0x080045d2   0x000000be   Code   RO         2535    i.I2C_WaitOnFlagUntilTimeout  stm32f4xx_hal_i2c.o
    0x08004690   0x08004690   0x000000fa   Code   RO         2536    i.I2C_WaitOnMasterAddressFlagUntilTimeout  stm32f4xx_hal_i2c.o
    0x0800478a   0x0800478a   0x0000008a   Code   RO         2537    i.I2C_WaitOnRXNEFlagUntilTimeout  stm32f4xx_hal_i2c.o
    0x08004814   0x08004814   0x00000066   Code   RO         2540    i.I2C_WaitOnTXEFlagUntilTimeout  stm32f4xx_hal_i2c.o
    0x0800487a   0x0800487a   0x00000002   PAD
    0x0800487c   0x0800487c   0x00000278   Code   RO         4379    i.Interface_Init    interface.o
    0x08004af4   0x08004af4   0x000000c4   Code   RO         4380    i.Interface_Into    interface.o
    0x08004bb8   0x08004bb8   0x00000068   Code   RO         4381    i.Interface_Return  interface.o
    0x08004c20   0x08004c20   0x00000044   Code   RO         4382    i.Interface_Y_Increase  interface.o
    0x08004c64   0x08004c64   0x00000214   Code   RO         5377    i.MPU6050_DMP_Get_Date  mpu6050_dmp.o
    0x08004e78   0x08004e78   0x00000074   Code   RO          360    i.MX_ADC1_Init      adc.o
    0x08004eec   0x08004eec   0x00000058   Code   RO          400    i.MX_DMA_Init       dma.o
    0x08004f44   0x08004f44   0x00000098   Code   RO          307    i.MX_FREERTOS_Init  freertos.o
    0x08004fdc   0x08004fdc   0x00000158   Code   RO          283    i.MX_GPIO_Init      gpio.o
    0x08005134   0x08005134   0x0000003c   Code   RO          426    i.MX_I2C1_Init      i2c.o
    0x08005170   0x08005170   0x0000003c   Code   RO          427    i.MX_I2C3_Init      i2c.o
    0x080051ac   0x080051ac   0x0000006c   Code   RO          477    i.MX_TIM2_Init      tim.o
    0x08005218   0x08005218   0x00000070   Code   RO          478    i.MX_TIM3_Init      tim.o
    0x08005288   0x08005288   0x00000070   Code   RO          479    i.MX_TIM4_Init      tim.o
    0x080052f8   0x080052f8   0x00000070   Code   RO          480    i.MX_TIM5_Init      tim.o
    0x08005368   0x08005368   0x00000064   Code   RO          481    i.MX_TIM9_Init      tim.o
    0x080053cc   0x080053cc   0x00000038   Code   RO          558    i.MX_USART1_UART_Init  usart.o
    0x08005404   0x08005404   0x00000004   Code   RO          608    i.MemManage_Handler  stm32f4xx_it.o
    0x08005408   0x08005408   0x00000004   Code   RO          609    i.NMI_Handler       stm32f4xx_it.o
    0x0800540c   0x0800540c   0x00000042   Code   RO         4598    i.Name_Copy         my_list.o
    0x0800544e   0x0800544e   0x00000016   Code   RO         5458    i.OLED_DisPlay_Off  oled.o
    0x08005464   0x08005464   0x00000016   Code   RO         5459    i.OLED_DisPlay_On   oled.o
    0x0800547a   0x0800547a   0x0000001e   Code   RO         5465    i.OLED_DrawImage    oled.o
    0x08005498   0x08005498   0x0000014c   Code   RO         5466    i.OLED_DrawLine     oled.o
    0x080055e4   0x080055e4   0x00000064   Code   RO         5467    i.OLED_DrawRectangle  oled.o
    0x08005648   0x08005648   0x000000bc   Code   RO         5469    i.OLED_Init         oled.o
    0x08005704   0x08005704   0x00000018   Code   RO         5470    i.OLED_NewFrame     oled.o
    0x0800571c   0x0800571c   0x00000042   Code   RO         5471    i.OLED_PrintASCIIChar  oled.o
    0x0800575e   0x0800575e   0x00000002   PAD
    0x08005760   0x08005760   0x0000004c   Code   RO         5473    i.OLED_PrintFNum    oled.o
    0x080057ac   0x080057ac   0x000000e0   Code   RO         5475    i.OLED_PrintString  oled.o
    0x0800588c   0x0800588c   0x00000020   Code   RO         5476    i.OLED_Send         oled.o
    0x080058ac   0x080058ac   0x00000014   Code   RO         5477    i.OLED_SendCmd      oled.o
    0x080058c0   0x080058c0   0x00000062   Code   RO         5478    i.OLED_SetBits      oled.o
    0x08005922   0x08005922   0x00000088   Code   RO         5479    i.OLED_SetBits_Fine  oled.o
    0x080059aa   0x080059aa   0x0000009a   Code   RO         5480    i.OLED_SetBlock     oled.o
    0x08005a44   0x08005a44   0x0000007c   Code   RO         5482    i.OLED_SetByte_Fine  oled.o
    0x08005ac0   0x08005ac0   0x00000088   Code   RO         5484    i.OLED_SetPixel     oled.o
    0x08005b48   0x08005b48   0x0000004c   Code   RO         5485    i.OLED_ShowFrame    oled.o
    0x08005b94   0x08005b94   0x00000018   Code   RO         4383    i.Option_Next       interface.o
    0x08005bac   0x08005bac   0x00000018   Code   RO         4384    i.Option_Pre        interface.o
    0x08005bc4   0x08005bc4   0x0000006c   Code   RO         4385    i.Photo_X_Increase  interface.o
    0x08005c30   0x08005c30   0x00000268   Code   RO         4386    i.Print_Alarm_Interface  interface.o
    0x08005e98   0x08005e98   0x00000040   Code   RO         4387    i.Print_Arrow       interface.o
    0x08005ed8   0x08005ed8   0x000000a0   Code   RO         4388    i.Print_Attitude_Calibration_Interface  interface.o
    0x08005f78   0x08005f78   0x0000003c   Code   RO         4389    i.Print_Bluetooth   interface.o
    0x08005fb4   0x08005fb4   0x00000150   Code   RO         4390    i.Print_Frame       interface.o
    0x08006104   0x08006104   0x000000b0   Code   RO         4391    i.Print_Game_Interface  interface.o
    0x080061b4   0x080061b4   0x00000160   Code   RO         4392    i.Print_Main_Interface  interface.o
    0x08006314   0x08006314   0x00000050   Code   RO         4393    i.Print_Power       interface.o
    0x08006364   0x08006364   0x0000009c   Code   RO         4394    i.Print_Rectangle   interface.o
    0x08006400   0x08006400   0x000001b4   Code   RO         4395    i.Print_Settings_Interface  interface.o
    0x080065b4   0x080065b4   0x000000f8   Code   RO         4396    i.Print_Stopwatch_Interface  interface.o
    0x080066ac   0x080066ac   0x00000144   Code   RO         4397    i.Print_Time        interface.o
    0x080067f0   0x080067f0   0x00000360   Code   RO         4398    i.Print_Time_Set_Interface  interface.o
    0x08006b50   0x08006b50   0x00000100   Code   RO         4399    i.Print_Timer_Interface  interface.o
    0x08006c50   0x08006c50   0x00000010   Code   RO         4710    i.ReLU              function.o
    0x08006c60   0x08006c60   0x0000007c   Code   RO         4400    i.Settings_Function  interface.o
    0x08006cdc   0x08006cdc   0x00000060   Code   RO         4401    i.Smooth_Transition  interface.o
    0x08006d3c   0x08006d3c   0x00000018   Code   RO          308    i.StartDefaultTask  freertos.o
    0x08006d54   0x08006d54   0x0000003c   Code   RO         4402    i.Start_Interface   interface.o
    0x08006d90   0x08006d90   0x00000084   Code   RO         4403    i.String_X_Increase  interface.o
    0x08006e14   0x08006e14   0x0000006c   Code   RO         4404    i.String_Y_Increase  interface.o
    0x08006e80   0x08006e80   0x000000c8   Code   RO         4405    i.Switch_Transform  interface.o
    0x08006f48   0x08006f48   0x00000016   Code   RO         6802    i.SysTick_Handler   cmsis_os2.o
    0x08006f5e   0x08006f5e   0x00000002   PAD
    0x08006f60   0x08006f60   0x000000b0   Code   RO           17    i.SystemClock_Config  main.o
    0x08007010   0x08007010   0x00000014   Code   RO         4324    i.SystemInit        system_stm32f4xx.o
    0x08007024   0x08007024   0x00000010   Code   RO          610    i.TIM1_UP_TIM10_IRQHandler  stm32f4xx_it.o
    0x08007034   0x08007034   0x00000010   Code   RO          611    i.TIM3_IRQHandler   stm32f4xx_it.o
    0x08007044   0x08007044   0x00000010   Code   RO          612    i.TIM4_IRQHandler   stm32f4xx_it.o
    0x08007054   0x08007054   0x00000010   Code   RO          613    i.TIM5_IRQHandler   stm32f4xx_it.o
    0x08007064   0x08007064   0x000000b4   Code   RO         3061    i.TIM_Base_SetConfig  stm32f4xx_hal_tim.o
    0x08007118   0x08007118   0x00000022   Code   RO         3062    i.TIM_CCxChannelCmd  stm32f4xx_hal_tim.o
    0x0800713a   0x0800713a   0x00000016   Code   RO         3072    i.TIM_ETR_SetConfig  stm32f4xx_hal_tim.o
    0x08007150   0x08007150   0x00000012   Code   RO         3073    i.TIM_ITRx_SetConfig  stm32f4xx_hal_tim.o
    0x08007162   0x08007162   0x00000002   PAD
    0x08007164   0x08007164   0x00000060   Code   RO         3074    i.TIM_OC1_SetConfig  stm32f4xx_hal_tim.o
    0x080071c4   0x080071c4   0x00000068   Code   RO         3075    i.TIM_OC2_SetConfig  stm32f4xx_hal_tim.o
    0x0800722c   0x0800722c   0x00000068   Code   RO         3076    i.TIM_OC3_SetConfig  stm32f4xx_hal_tim.o
    0x08007294   0x08007294   0x00000048   Code   RO         3077    i.TIM_OC4_SetConfig  stm32f4xx_hal_tim.o
    0x080072dc   0x080072dc   0x00000026   Code   RO         3079    i.TIM_TI1_ConfigInputStage  stm32f4xx_hal_tim.o
    0x08007302   0x08007302   0x00000028   Code   RO         3081    i.TIM_TI2_ConfigInputStage  stm32f4xx_hal_tim.o
    0x0800732a   0x0800732a   0x00000016   Code   RO         4711    i.Time_Clear        function.o
    0x08007340   0x08007340   0x000001f4   Code   RO         4712    i.Time_Set          function.o
    0x08007534   0x08007534   0x00000144   Code   RO         4713    i.Time_Update       function.o
    0x08007678   0x08007678   0x000000c0   Code   RO         4714    i.Timer_ON          function.o
    0x08007738   0x08007738   0x00000014   Code   RO         3993    i.UART_DMAAbortOnError  stm32f4xx_hal_uart.o
    0x0800774c   0x0800774c   0x00000050   Code   RO         3994    i.UART_DMAError     stm32f4xx_hal_uart.o
    0x0800779c   0x0800779c   0x000000b4   Code   RO         3995    i.UART_DMAReceiveCplt  stm32f4xx_hal_uart.o
    0x08007850   0x08007850   0x00000024   Code   RO         3997    i.UART_DMARxHalfCplt  stm32f4xx_hal_uart.o
    0x08007874   0x08007874   0x00000058   Code   RO         3999    i.UART_DMATransmitCplt  stm32f4xx_hal_uart.o
    0x080078cc   0x080078cc   0x0000000e   Code   RO         4001    i.UART_DMATxHalfCplt  stm32f4xx_hal_uart.o
    0x080078da   0x080078da   0x0000006c   Code   RO         4003    i.UART_EndRxTransfer  stm32f4xx_hal_uart.o
    0x08007946   0x08007946   0x00000020   Code   RO         4004    i.UART_EndTransmit_IT  stm32f4xx_hal_uart.o
    0x08007966   0x08007966   0x00000026   Code   RO         4005    i.UART_EndTxTransfer  stm32f4xx_hal_uart.o
    0x0800798c   0x0800798c   0x000000fc   Code   RO         4006    i.UART_Receive_IT   stm32f4xx_hal_uart.o
    0x08007a88   0x08007a88   0x0000022c   Code   RO         4007    i.UART_SetConfig    stm32f4xx_hal_uart.o
    0x08007cb4   0x08007cb4   0x000000c8   Code   RO         4008    i.UART_Start_Receive_DMA  stm32f4xx_hal_uart.o
    0x08007d7c   0x08007d7c   0x00000060   Code   RO         4010    i.UART_Transmit_IT  stm32f4xx_hal_uart.o
    0x08007ddc   0x08007ddc   0x00000010   Code   RO          614    i.USART1_IRQHandler  stm32f4xx_it.o
    0x08007dec   0x08007dec   0x00000004   Code   RO          615    i.UsageFault_Handler  stm32f4xx_it.o
    0x08007df0   0x08007df0   0x00000254   Code   RO         4716    i.Wave_Voltage      function.o
    0x08008044   0x08008044   0x00000090   Code   RO         4717    i.Week_Judgment     function.o
    0x080080d4   0x080080d4   0x0000003c   Code   RO         5486    i._OLED_GetUTF8Len  oled.o
    0x08008110   0x08008110   0x00000028   Code   RO         7777    i.__0sprintf        mc_w.l(printfa.o)
    0x08008138   0x08008138   0x00000030   Code   RO         7881    i.__ARM_fpclassify  m_wm.l(fpclassify.o)
    0x08008168   0x08008168   0x00000010   Code   RO         2064    i.__NVIC_GetPriorityGrouping  stm32f4xx_hal_cortex.o
    0x08008178   0x08008178   0x00000028   Code   RO         2065    i.__NVIC_SetPriority  stm32f4xx_hal_cortex.o
    0x080081a0   0x080081a0   0x00000006   Code   RO         6804    i.__get_IPSR        cmsis_os2.o
    0x080081a6   0x080081a6   0x00000002   PAD
    0x080081a8   0x080081a8   0x00000360   Code   RO         7465    i.__hardfp_asin     m_wm.l(asin.o)
    0x08008508   0x08008508   0x000002d8   Code   RO         7847    i.__hardfp_atan     m_wm.l(atan.o)
    0x080087e0   0x080087e0   0x000001f0   Code   RO         7479    i.__hardfp_atan2    m_wm.l(atan2.o)
    0x080089d0   0x080089d0   0x000000f8   Code   RO         7897    i.__kernel_poly     m_wm.l(poly.o)
    0x08008ac8   0x08008ac8   0x00000014   Code   RO         7862    i.__mathlib_dbl_infnan  m_wm.l(dunder.o)
    0x08008adc   0x08008adc   0x00000014   Code   RO         7863    i.__mathlib_dbl_infnan2  m_wm.l(dunder.o)
    0x08008af0   0x08008af0   0x00000020   Code   RO         7864    i.__mathlib_dbl_invalid  m_wm.l(dunder.o)
    0x08008b10   0x08008b10   0x00000020   Code   RO         7867    i.__mathlib_dbl_underflow  m_wm.l(dunder.o)
    0x08008b30   0x08008b30   0x0000000e   Code   RO         7971    i.__scatterload_copy  mc_w.l(handlers.o)
    0x08008b3e   0x08008b3e   0x00000002   Code   RO         7972    i.__scatterload_null  mc_w.l(handlers.o)
    0x08008b40   0x08008b40   0x0000000e   Code   RO         7973    i.__scatterload_zeroinit  mc_w.l(handlers.o)
    0x08008b4e   0x08008b4e   0x00000002   PAD
    0x08008b50   0x08008b50   0x0000000c   Code   RO         7941    i.__set_errno       mc_w.l(errno.o)
    0x08008b5c   0x08008b5c   0x00000184   Code   RO         7782    i._fp_digits        mc_w.l(printfa.o)
    0x08008ce0   0x08008ce0   0x000006dc   Code   RO         7783    i._printf_core      mc_w.l(printfa.o)
    0x080093bc   0x080093bc   0x00000024   Code   RO         7784    i._printf_post_padding  mc_w.l(printfa.o)
    0x080093e0   0x080093e0   0x0000002e   Code   RO         7785    i._printf_pre_padding  mc_w.l(printfa.o)
    0x0800940e   0x0800940e   0x0000000a   Code   RO         7787    i._sputc            mc_w.l(printfa.o)
    0x08009418   0x08009418   0x00000010   Code   RO         7849    i.atan              m_wm.l(atan.o)
    0x08009428   0x08009428   0x00000064   Code   RO         5182    i.decode_gesture    inv_mpu_dmp_motion_driver.o
    0x0800948c   0x0800948c   0x00000094   Code   RO         4647    i.displayScore      dino.o
    0x08009520   0x08009520   0x000001d4   Code   RO         5192    i.dmp_read_fifo     inv_mpu_dmp_motion_driver.o
    0x080096f4   0x080096f4   0x00000018   Code   RO         7877    i.fabs              m_wm.l(fabs.o)
    0x0800970c   0x0800970c   0x00000050   Code   RO         7803    i.free              mc_w.l(malloc.o)
    0x0800975c   0x0800975c   0x00000090   Code   RO         4648    i.introMessage      dino.o
    0x080097ec   0x080097ec   0x00000074   Code   RO           18    i.main              main.o
    0x08009860   0x08009860   0x0000006c   Code   RO         7804    i.malloc            mc_w.l(malloc.o)
    0x080098cc   0x080098cc   0x00000068   Code   RO         4649    i.moveDino          dino.o
    0x08009934   0x08009934   0x00000030   Code   RO         4650    i.moveTree          dino.o
    0x08009964   0x08009964   0x000000f0   Code   RO         4882    i.mpu_read_fifo_stream  inv_mpu.o
    0x08009a54   0x08009a54   0x00000268   Code   RO         4886    i.mpu_reset_fifo    inv_mpu.o
    0x08009cbc   0x08009cbc   0x0000001e   Code   RO         6805    i.osDelay           cmsis_os2.o
    0x08009cda   0x08009cda   0x00000002   PAD
    0x08009cdc   0x08009cdc   0x0000002c   Code   RO         6819    i.osKernelInitialize  cmsis_os2.o
    0x08009d08   0x08009d08   0x00000060   Code   RO         6822    i.osKernelStart     cmsis_os2.o
    0x08009d68   0x08009d68   0x000000b8   Code   RO         6864    i.osThreadNew       cmsis_os2.o
    0x08009e20   0x08009e20   0x00000344   Code   RO         4651    i.play              dino.o
    0x0800a164   0x0800a164   0x0000007c   Code   RO         6239    i.prvAddCurrentTaskToDelayedList  tasks.o
    0x0800a1e0   0x0800a1e0   0x000000b8   Code   RO         6240    i.prvAddNewTaskToReadyList  tasks.o
    0x0800a298   0x0800a298   0x00000074   Code   RO         6615    i.prvCheckForValidListAndQueue  timers.o
    0x0800a30c   0x0800a30c   0x00000048   Code   RO         6241    i.prvCheckTasksWaitingTermination  tasks.o
    0x0800a354   0x0800a354   0x0000002a   Code   RO         5832    i.prvCopyDataFromQueue  queue.o
    0x0800a37e   0x0800a37e   0x0000007e   Code   RO         5833    i.prvCopyDataToQueue  queue.o
    0x0800a3fc   0x0800a3fc   0x00000050   Code   RO         6242    i.prvDeleteTCB      tasks.o
    0x0800a44c   0x0800a44c   0x00000028   Code   RO         6616    i.prvGetNextExpireTime  timers.o
    0x0800a474   0x0800a474   0x0000007c   Code   RO         7333    i.prvHeapInit       heap_4.o
    0x0800a4f0   0x0800a4f0   0x00000028   Code   RO         6243    i.prvIdleTask       tasks.o
    0x0800a518   0x0800a518   0x0000002a   Code   RO         5836    i.prvInitialiseNewQueue  queue.o
    0x0800a542   0x0800a542   0x000000be   Code   RO         6244    i.prvInitialiseNewTask  tasks.o
    0x0800a600   0x0800a600   0x00000068   Code   RO         6245    i.prvInitialiseTaskLists  tasks.o
    0x0800a668   0x0800a668   0x00000068   Code   RO         7334    i.prvInsertBlockIntoFreeList  heap_4.o
    0x0800a6d0   0x0800a6d0   0x00000058   Code   RO         6618    i.prvInsertTimerInActiveList  timers.o
    0x0800a728   0x0800a728   0x0000001a   Code   RO         5837    i.prvIsQueueEmpty   queue.o
    0x0800a742   0x0800a742   0x0000001e   Code   RO         5838    i.prvIsQueueFull    queue.o
    0x0800a760   0x0800a760   0x00000074   Code   RO         6619    i.prvProcessExpiredTimer  timers.o
    0x0800a7d4   0x0800a7d4   0x00000164   Code   RO         6620    i.prvProcessReceivedCommands  timers.o
    0x0800a938   0x0800a938   0x00000074   Code   RO         6621    i.prvProcessTimerOrBlockTask  timers.o
    0x0800a9ac   0x0800a9ac   0x00000034   Code   RO         6247    i.prvResetNextTaskUnblockTime  tasks.o
    0x0800a9e0   0x0800a9e0   0x0000002c   Code   RO         6622    i.prvSampleTimeNow  timers.o
    0x0800aa0c   0x0800aa0c   0x000000a4   Code   RO         6623    i.prvSwitchTimerLists  timers.o
    0x0800aab0   0x0800aab0   0x00000040   Code   RO         7389    i.prvTaskExitError  port.o
    0x0800aaf0   0x0800aaf0   0x00000058   Code   RO         6249    i.prvTaskIsTaskSuspended  tasks.o
    0x0800ab48   0x0800ab48   0x0000001a   Code   RO         6624    i.prvTimerTask      timers.o
    0x0800ab62   0x0800ab62   0x0000007e   Code   RO         5839    i.prvUnlockQueue    queue.o
    0x0800abe0   0x0800abe0   0x0000014c   Code   RO         7335    i.pvPortMalloc      heap_4.o
    0x0800ad2c   0x0800ad2c   0x0000002c   Code   RO         7390    i.pxPortInitialiseStack  port.o
    0x0800ad58   0x0800ad58   0x0000006e   Code   RO         7902    i.sqrt              m_wm.l(sqrt.o)
    0x0800adc6   0x0800adc6   0x00000028   Code   RO         5792    i.uxListRemove      list.o
    0x0800adee   0x0800adee   0x00000002   PAD
    0x0800adf0   0x0800adf0   0x00000018   Code   RO         6876    i.vApplicationGetIdleTaskMemory  cmsis_os2.o
    0x0800ae08   0x0800ae08   0x00000018   Code   RO         6877    i.vApplicationGetTimerTaskMemory  cmsis_os2.o
    0x0800ae20   0x0800ae20   0x0000001a   Code   RO         5793    i.vListInitialise   list.o
    0x0800ae3a   0x0800ae3a   0x00000006   Code   RO         5794    i.vListInitialiseItem  list.o
    0x0800ae40   0x0800ae40   0x00000034   Code   RO         5795    i.vListInsert       list.o
    0x0800ae74   0x0800ae74   0x00000018   Code   RO         5796    i.vListInsertEnd    list.o
    0x0800ae8c   0x0800ae8c   0x00000054   Code   RO         7392    i.vPortEnterCritical  port.o
    0x0800aee0   0x0800aee0   0x0000003c   Code   RO         7393    i.vPortExitCritical  port.o
    0x0800af1c   0x0800af1c   0x000000a4   Code   RO         7336    i.vPortFree         heap_4.o
    0x0800afc0   0x0800afc0   0x00000028   Code   RO         7394    i.vPortSetupTimerInterrupt  port.o
    0x0800afe8   0x0800afe8   0x00000078   Code   RO         7395    i.vPortValidateInterruptPriority  port.o
    0x0800b060   0x0800b060   0x0000002c   Code   RO         5845    i.vQueueAddToRegistry  queue.o
    0x0800b08c   0x0800b08c   0x0000004a   Code   RO         5849    i.vQueueWaitForMessageRestricted  queue.o
    0x0800b0d6   0x0800b0d6   0x00000002   PAD
    0x0800b0d8   0x0800b0d8   0x0000005c   Code   RO         6260    i.vTaskDelay        tasks.o
    0x0800b134   0x0800b134   0x000000c8   Code   RO         6262    i.vTaskDelete       tasks.o
    0x0800b1fc   0x0800b1fc   0x00000018   Code   RO         6265    i.vTaskInternalSetTimeOutState  tasks.o
    0x0800b214   0x0800b214   0x0000000c   Code   RO         6266    i.vTaskMissedYield  tasks.o
    0x0800b220   0x0800b220   0x00000038   Code   RO         6268    i.vTaskPlaceOnEventList  tasks.o
    0x0800b258   0x0800b258   0x00000040   Code   RO         6269    i.vTaskPlaceOnEventListRestricted  tasks.o
    0x0800b298   0x0800b298   0x00000090   Code   RO         6274    i.vTaskResume       tasks.o
    0x0800b328   0x0800b328   0x000000b8   Code   RO         6277    i.vTaskStartScheduler  tasks.o
    0x0800b3e0   0x0800b3e0   0x000000c8   Code   RO         6278    i.vTaskSuspend      tasks.o
    0x0800b4a8   0x0800b4a8   0x00000010   Code   RO         6279    i.vTaskSuspendAll   tasks.o
    0x0800b4b8   0x0800b4b8   0x00000090   Code   RO         6280    i.vTaskSwitchContext  tasks.o
    0x0800b548   0x0800b548   0x00000168   Code   RO         7396    i.xPortStartScheduler  port.o
    0x0800b6b0   0x0800b6b0   0x00000034   Code   RO         7397    i.xPortSysTickHandler  port.o
    0x0800b6e4   0x0800b6e4   0x000000e0   Code   RO         5855    i.xQueueGenericCreateStatic  queue.o
    0x0800b7c4   0x0800b7c4   0x00000098   Code   RO         5856    i.xQueueGenericReset  queue.o
    0x0800b85c   0x0800b85c   0x000001a8   Code   RO         5857    i.xQueueGenericSend  queue.o
    0x0800ba04   0x0800ba04   0x000000fc   Code   RO         5858    i.xQueueGenericSendFromISR  queue.o
    0x0800bb00   0x0800bb00   0x00000168   Code   RO         5867    i.xQueueReceive     queue.o
    0x0800bc68   0x0800bc68   0x0000008c   Code   RO         6282    i.xTaskCheckForTimeOut  tasks.o
    0x0800bcf4   0x0800bcf4   0x00000064   Code   RO         6283    i.xTaskCreate       tasks.o
    0x0800bd58   0x0800bd58   0x000000ba   Code   RO         6284    i.xTaskCreateStatic  tasks.o
    0x0800be12   0x0800be12   0x00000002   PAD
    0x0800be14   0x0800be14   0x00000020   Code   RO         6288    i.xTaskGetSchedulerState  tasks.o
    0x0800be34   0x0800be34   0x0000000c   Code   RO         6289    i.xTaskGetTickCount  tasks.o
    0x0800be40   0x0800be40   0x00000144   Code   RO         6291    i.xTaskIncrementTick  tasks.o
    0x0800bf84   0x0800bf84   0x000000a4   Code   RO         6294    i.xTaskPriorityDisinherit  tasks.o
    0x0800c028   0x0800c028   0x00000098   Code   RO         6296    i.xTaskRemoveFromEventList  tasks.o
    0x0800c0c0   0x0800c0c0   0x00000104   Code   RO         6297    i.xTaskResumeAll    tasks.o
    0x0800c1c4   0x0800c1c4   0x00000078   Code   RO         6633    i.xTimerCreateTimerTask  timers.o
    0x0800c23c   0x0800c23c   0x00000084   Code   RO         6634    i.xTimerGenericCommand  timers.o
    0x0800c2c0   0x0800c2c0   0x00000024   Data   RO          309    .constdata          freertos.o
    0x0800c2e4   0x0800c2e4   0x00000008   Data   RO         1754    .constdata          stm32f4xx_hal_dma.o
    0x0800c2ec   0x0800c2ec   0x00000018   Data   RO         4325    .constdata          system_stm32f4xx.o
    0x0800c304   0x0800c304   0x000025b4   Data   RO         4357    .constdata          font.o
    0x0800e8b8   0x0800e8b8   0x00000186   Data   RO         4654    .constdata          dino.o
    0x0800ea3e   0x0800ea3e   0x00000002   PAD
    0x0800ea40   0x0800ea40   0x00000054   Data   RO         4901    .constdata          inv_mpu.o
    0x0800ea94   0x0800ea94   0x00000004   PAD
    0x0800ea98   0x0800ea98   0x00000050   Data   RO         7468    .constdata          m_wm.l(asin.o)
    0x0800eae8   0x0800eae8   0x00000098   Data   RO         7850    .constdata          m_wm.l(atan.o)
    0x0800eb80   0x0800eb80   0x00000008   Data   RO         7899    .constdata          m_wm.l(qnan.o)
    0x0800eb88   0x0800eb88   0x0000000c   Data   RO          310    .conststring        freertos.o
    0x0800eb94   0x0800eb94   0x00000020   Data   RO         7969    Region$$Table       anon$$obj.o


    Execution Region RW_IRAM1 (Exec base: 0x20000000, Load base: 0x0800ebb4, Size: 0x000060d8, Max: 0x00020000, ABSOLUTE, COMPRESSED[0x00000050])

    Exec Addr    Load Addr    Size         Type   Attr      Idx    E Section Name        Object

    0x20000000   COMPRESSED   0x0000000c   Data   RW           19    .data               main.o
    0x2000000c   COMPRESSED   0x00000010   Data   RW          311    .data               freertos.o
    0x2000001c   COMPRESSED   0x00000009   Data   RW         2228    .data               stm32f4xx_hal.o
    0x20000025   COMPRESSED   0x00000003   PAD
    0x20000028   COMPRESSED   0x00000004   Data   RW         4326    .data               system_stm32f4xx.o
    0x2000002c   COMPRESSED   0x000000c1   Data   RW         4406    .data               interface.o
    0x200000ed   COMPRESSED   0x00000003   PAD
    0x200000f0   COMPRESSED   0x00000008   Data   RW         4655    .data               dino.o
    0x200000f8   COMPRESSED   0x00000040   Data   RW         4719    .data               function.o
    0x20000138   COMPRESSED   0x00000014   Data   RW         4810    .data               dht11.o
    0x2000014c   COMPRESSED   0x0000002c   Data   RW         4902    .data               inv_mpu.o
    0x20000178   COMPRESSED   0x00000004   Data   RW         5488    .data               oled.o
    0x2000017c   COMPRESSED   0x0000003c   Data   RW         6300    .data               tasks.o
    0x200001b8   COMPRESSED   0x00000014   Data   RW         6642    .data               timers.o
    0x200001cc   COMPRESSED   0x00000004   Data   RW         6879    .data               cmsis_os2.o
    0x200001d0   COMPRESSED   0x00000020   Data   RW         7342    .data               heap_4.o
    0x200001f0   COMPRESSED   0x0000000c   Data   RW         7398    .data               port.o
    0x200001fc   COMPRESSED   0x00000004   Data   RW         7937    .data               mc_w.l(mvars.o)
    0x20000200   COMPRESSED   0x00000004   Data   RW         7938    .data               mc_w.l(mvars.o)
    0x20000204   COMPRESSED   0x00000004   Data   RW         7942    .data               mc_w.l(errno.o)
    0x20000208        -       0x000000a8   Zero   RW          361    .bss                adc.o
    0x200002b0        -       0x000000a8   Zero   RW          428    .bss                i2c.o
    0x20000358        -       0x00000168   Zero   RW          482    .bss                tim.o
    0x200004c0        -       0x00000108   Zero   RW          559    .bss                usart.o
    0x200005c8        -       0x00000048   Zero   RW          755    .bss                stm32f4xx_hal_timebase_tim.o
    0x20000610        -       0x0000002d   Zero   RW         4653    .bss                dino.o
    0x2000063d   COMPRESSED   0x00000001   PAD
    0x2000063e        -       0x00000132   Zero   RW         4718    .bss                function.o
    0x20000770        -       0x00000010   Zero   RW         5210    .bss                inv_mpu_dmp_motion_driver.o
    0x20000780        -       0x00000481   Zero   RW         5487    .bss                oled.o
    0x20000c01   COMPRESSED   0x00000003   PAD
    0x20000c04        -       0x00000040   Zero   RW         5871    .bss                queue.o
    0x20000c44        -       0x000004c4   Zero   RW         6299    .bss                tasks.o
    0x20001108        -       0x00000118   Zero   RW         6641    .bss                timers.o
    0x20001220        -       0x000006b8   Zero   RW         6878    .bss                cmsis_os2.o
    0x200018d8        -       0x00003c00   Zero   RW         7341    .bss                heap_4.o
    0x200054d8        -       0x00000800   Zero   RW            2    HEAP                startup_stm32f411xe.o
    0x20005cd8        -       0x00000400   Zero   RW            1    STACK               startup_stm32f411xe.o


==============================================================================

Image component sizes


      Code (inc. data)   RO Data    RW Data    ZI Data      Debug   Object Name

       312         34          0          0        168       1783   adc.o
       430         38          0          4       1720      61223   cmsis_os2.o
       616         90          0         20          0       3379   dht11.o
      1280        208        390          8         45       5419   dino.o
        88          4          0          0          0        766   dma.o
         0          0          0          0          0      19428   event_groups.o
         0          0       9652          0          0       3213   font.o
       176         72         48         16          0       1868   freertos.o
      2202        270          0         64        306       9916   function.o
       344         14          0          0          0       1051   gpio.o
       724         74          0         32      15360       4839   heap_4.o
       428         46          0          0        168       2342   i2c.o
      6632       1288          0        193          0      21414   interface.o
       856         18         84         44          0       7126   inv_mpu.o
       568         12          0          0         16       7456   inv_mpu_dmp_motion_driver.o
       148          0          0          0          0       3538   list.o
       578         80          0         12          0     458395   main.o
       532         16          0          0          0      11967   mpu6050_dmp.o
       326          0          0          0          0       4330   my_list.o
      1920         52          0          4       1153      13955   oled.o
      1014         92          0         12          0      11641   port.o
      1922         20          0          0         64      17328   queue.o
        36          8        408          0       3072        828   startup_stm32f411xe.o
       136         24          0          9          0       8550   stm32f4xx_hal.o
      1424         60          0          0          0       7305   stm32f4xx_hal_adc.o
       260         22          0          0          0      33530   stm32f4xx_hal_cortex.o
      1436         16          8          0          0       6990   stm32f4xx_hal_dma.o
       532         36          0          0          0       4019   stm32f4xx_hal_gpio.o
      3576         62          0          0          0      13888   stm32f4xx_hal_i2c.o
        84          6          0          0          0        846   stm32f4xx_hal_msp.o
      1888         94          0          0          0       6229   stm32f4xx_hal_rcc.o
      2386        116          0          0          0      17182   stm32f4xx_hal_tim.o
       160         22          0          0          0       2501   stm32f4xx_hal_tim_ex.o
       160         20          0          0         72     438872   stm32f4xx_hal_timebase_tim.o
      2826         40          0          0          0      16899   stm32f4xx_hal_uart.o
       192         48          0          0          0       8690   stm32f4xx_it.o
        20          6         24          4          0       1115   system_stm32f4xx.o
      3440        428          0         60       1220      30753   tasks.o
       928         78          0          0        360       5610   tim.o
      1318        124          0         20        280      32763   timers.o
       340         34          0          0        264       1860   usart.o

    ----------------------------------------------------------------------
     42274       3672      10652        508      24272    1310807   Object Totals
         0          0         32          0          0          0   (incl. Generated)
        36          0          6          6          4          0   (incl. Padding)

    ----------------------------------------------------------------------

      Code (inc. data)   RO Data    RW Data    ZI Data      Debug   Library Member Name

       864         94         80          0          0        280   asin.o
       744        106        152          0          0        352   atan.o
       496         64          0          0          0        192   atan2.o
       104         16          0          0          0        496   dunder.o
        24          0          0          0          0        124   fabs.o
        48          0          0          0          0        124   fpclassify.o
       248          0          0          0          0        152   poly.o
         0          0          8          0          0          0   qnan.o
       110          0          0          0          0        148   sqrt.o
        86          0          0          0          0          0   __dczerorl2.o
         0          0          0          0          0          0   entry.o
         0          0          0          0          0          0   entry10a.o
         0          0          0          0          0          0   entry11a.o
         8          4          0          0          0          0   entry2.o
         4          0          0          0          0          0   entry5.o
         0          0          0          0          0          0   entry7b.o
         0          0          0          0          0          0   entry8b.o
         8          4          0          0          0          0   entry9a.o
        12          6          0          4          0         68   errno.o
        30          0          0          0          0          0   handlers.o
        36          8          0          0          0         68   init.o
         0          0          0          0          0          0   iusefp.o
        30          0          0          0          0         68   llshl.o
        36          0          0          0          0         68   llsshr.o
        32          0          0          0          0         68   llushr.o
       188         20          0          0          0        160   malloc.o
        26          0          0          0          0         80   memcmp.o
        36          0          0          0          0         68   memcpya.o
        36          0          0          0          0        108   memseta.o
         0          0          0          8          0          0   mvars.o
      2276         86          0          0          0        520   printfa.o
        24          0          0          0          0         68   strcat.o
        14          0          0          0          0         68   strlen.o
        40          0          0          0          0         76   strncat.o
        36          0          0          0          0         80   strstr.o
        44          0          0          0          0         80   uidiv.o
        98          0          0          0          0         92   uldiv.o
        48          0          0          0          0         68   cdrcmple.o
        56          0          0          0          0         88   d2f.o
       334          0          0          0          0        148   dadd.o
       222          0          0          0          0        100   ddiv.o
       186          0          0          0          0        176   depilogue.o
        48          0          0          0          0         68   dfixul.o
       228          0          0          0          0         96   dmul.o
       162          0          0          0          0        100   dsqrt.o
        38          0          0          0          0         68   f2d.o
       110          0          0          0          0        168   fepilogue.o

    ----------------------------------------------------------------------
      7174        408        240         12          0       4688   Library Totals
         4          0          0          0          0          0   (incl. Padding)

    ----------------------------------------------------------------------

      Code (inc. data)   RO Data    RW Data    ZI Data      Debug   Library Name

      2638        280        240          0          0       1868   m_wm.l
      3100        128          0         12          0       1740   mc_w.l
      1432          0          0          0          0       1080   mf_w.l

    ----------------------------------------------------------------------
      7174        408        240         12          0       4688   Library Totals

    ----------------------------------------------------------------------

==============================================================================


      Code (inc. data)   RO Data    RW Data    ZI Data      Debug   

     49448       4080      10892        520      24272    1282971   Grand Totals
     49448       4080      10892         80      24272    1282971   ELF Image Totals (compressed)
     49448       4080      10892         80          0          0   ROM Totals

==============================================================================

    Total RO  Size (Code + RO Data)                60340 (  58.93kB)
    Total RW  Size (RW Data + ZI Data)             24792 (  24.21kB)
    Total ROM Size (Code + RO Data + RW Data)      60420 (  59.00kB)

==============================================================================

